14.17.44.217 - - [04/Jul/2017:14:25:06 +0800] "GET /swagger/?format=openapi HTTP/1.1" 200 1371 "http://182.92.209.117:2169/swagger/?nsukey=l2%2FUwdXRu2kuh4vq30e9EQB4cc9KdpPnIG0KS0rJCL44euw7JiFthOMNxxlCJIFnoAE9riF%2BdTE6KotoTmO%2Bm0WdrvEPZneUnQgdNjqf7v3XcQDXO%2BbADKIelmjxWQbV%2F1EE46lAvfgAfr%2BEK5PStpTrq1thgsUoUdDVF%2Fp%2BfPD17aJ7C8T0s1B%2FF4nOPD%2Fi" "Mozilla/5.0 (Windows NT 6.1; WOW64) AppleWebKit/537.36 (KHTML, like Gecko) Chrome/46.0.2490.80 Safari/537.36"
14.17.3.122 - - [04/Jul/2017:14:25:06 +0800] "GET /static/rest_framework_swagger/swagger-ui.min.js HTTP/1.1" 200 289384 "http://182.92.209.117:2169/swagger/?nsukey=l2%2FUwdXRu2kuh4vq30e9EQB4cc9KdpPnIG0KS0rJCL44euw7JiFthOMNxxlCJIFnoAE9riF%2BdTE6KotoTmO%2Bm0WdrvEPZneUnQgdNjqf7v3XcQDXO%2BbADKIelmjxWQbV%2F1EE46lAvfgAfr%2BEK5PStpTrq1thgsUoUdDVF%2Fp%2BfPD17aJ7C8T0s1B%2FF4nOPD%2Fi" "Mozilla/5.0 (Windows NT 6.1; WOW64) AppleWebKit/537.36 (KHTML, like Gecko) Chrome/46.0.2490.80 Safari/537.36"
113.108.11.50 - - [04/Jul/2017:14:25:06 +0800] "GET /swagger/?format=openapi HTTP/1.1" 200 1371 "http://182.92.209.117:2169/swagger/?nsukey=l2%2FUwdXRu2kuh4vq30e9EQB4cc9KdpPnIG0KS0rJCL44euw7JiFthOMNxxlCJIFnoAE9riF%2BdTE6KotoTmO%2Bm0WdrvEPZneUnQgdNjqf7v3XcQDXO%2BbADKIelmjxWQbV%2F1EE46lAvfgAfr%2BEK5PStpTrq1thgsUoUdDVF%2Fp%2BfPD17aJ7C8T0s1B%2FF4nOPD%2Fi" "Mozilla/5.0 (Windows NT 6.1; WOW64) AppleWebKit/537.36 (KHTML, like Gecko) Chrome/46.0.2490.80 Safari/537.36"
219.133.40.15 - - [04/Jul/2017:14:25:06 +0800] "GET /static/rest_framework_swagger/css/print.css HTTP/1.1" 200 46473 "http://182.92.209.117:2169/swagger/?nsukey=l2%2FUwdXRu2kuh4vq30e9EQB4cc9KdpPnIG0KS0rJCL44euw7JiFthOMNxxlCJIFnoAE9riF%2BdTE6KotoTmO%2Bm0WdrvEPZneUnQgdNjqf7v3XcQDXO%2BbADKIelmjxWQbV%2F1EE46lAvfgAfr%2BEK5PStpTrq1thgsUoUdDVF%2Fp%2BfPD17aJ7C8T0s1B%2FF4nOPD%2Fi" "Mozilla/5.0 (Windows NT 6.1; WOW64) AppleWebKit/537.36 (KHTML, like Gecko) Chrome/46.0.2490.80 Safari/537.36"
183.222.217.163 - - [04/Jul/2017:14:25:07 +0800] "GET /swagger/?nsukey=l2%2FUwdXRu2kuh4vq30e9EQB4cc9KdpPnIG0KS0rJCL44euw7JiFthOMNxxlCJIFnoAE9riF%2BdTE6KotoTmO%2Bm0WdrvEPZneUnQgdNjqf7v3XcQDXO%2BbADKIelmjxWQbV%2F1EE46lAvfgAfr%2BEK5PStpTrq1thgsUoUdDVF%2Fp%2BfPD17aJ7C8T0s1B%2FF4nOPD%2Fi HTTP/1.1" 200 1108 "-" "Mozilla/5.0 (Windows NT 10.0; Win64; x64) AppleWebKit/537.36 (KHTML, like Gecko) Chrome/52.0.2743.116 Safari/537.36 Edge/15.15063"
183.222.217.163 - - [04/Jul/2017:14:25:07 +0800] "GET /static/rest_framework_swagger/css/typography.css HTTP/1.1" 200 452 "http://182.92.209.117:2169/swagger/?nsukey=l2%2FUwdXRu2kuh4vq30e9EQB4cc9KdpPnIG0KS0rJCL44euw7JiFthOMNxxlCJIFnoAE9riF%2BdTE6KotoTmO%2Bm0WdrvEPZneUnQgdNjqf7v3XcQDXO%2BbADKIelmjxWQbV%2F1EE46lAvfgAfr%2BEK5PStpTrq1thgsUoUdDVF%2Fp%2BfPD17aJ7C8T0s1B%2FF4nOPD%2Fi" "Mozilla/5.0 (Windows NT 10.0; Win64; x64) AppleWebKit/537.36 (KHTML, like Gecko) Chrome/52.0.2743.116 Safari/537.36 Edge/15.15063"
183.222.217.163 - - [04/Jul/2017:14:25:07 +0800] "GET /static/rest_framework_swagger/css/reset.css HTTP/1.1" 200 1066 "http://182.92.209.117:2169/swagger/?nsukey=l2%2FUwdXRu2kuh4vq30e9EQB4cc9KdpPnIG0KS0rJCL44euw7JiFthOMNxxlCJIFnoAE9riF%2BdTE6KotoTmO%2Bm0WdrvEPZneUnQgdNjqf7v3XcQDXO%2BbADKIelmjxWQbV%2F1EE46lAvfgAfr%2BEK5PStpTrq1thgsUoUdDVF%2Fp%2BfPD17aJ7C8T0s1B%2FF4nOPD%2Fi" "Mozilla/5.0 (Windows NT 10.0; Win64; x64) AppleWebKit/537.36 (KHTML, like Gecko) Chrome/52.0.2743.116 Safari/537.36 Edge/15.15063"
101.226.33.227 - - [04/Jul/2017:14:25:07 +0800] "GET /swagger/ HTTP/1.1" 200 702 "http://182.92.209.117:2169/swagger" "Mozilla/5.0 (Linux; Android 6.0.1; OPPO R9s Build/MMB29M) AppleWebKit/537.36 (KHTML, like Gecko) Version/4.0 Chrome/37.0.0.0 Mobile MQQBrowser/6.9 TBS/036906 Safari/537.36 MicroMessenger/6.5.4.1000 NetType/4G Language/zh_CN"
183.222.217.163 - - [04/Jul/2017:14:25:07 +0800] "GET /static/rest_framework_swagger/css/screen.css HTTP/1.1" 200 48986 "http://182.92.209.117:2169/swagger/?nsukey=l2%2FUwdXRu2kuh4vq30e9EQB4cc9KdpPnIG0KS0rJCL44euw7JiFthOMNxxlCJIFnoAE9riF%2BdTE6KotoTmO%2Bm0WdrvEPZneUnQgdNjqf7v3XcQDXO%2BbADKIelmjxWQbV%2F1EE46lAvfgAfr%2BEK5PStpTrq1thgsUoUdDVF%2Fp%2BfPD17aJ7C8T0s1B%2FF4nOPD%2Fi" "Mozilla/5.0 (Windows NT 10.0; Win64; x64) AppleWebKit/537.36 (KHTML, like Gecko) Chrome/52.0.2743.116 Safari/537.36 Edge/15.15063"
183.222.217.163 - - [04/Jul/2017:14:25:07 +0800] "GET /static/rest_framework_swagger/css/print.css HTTP/1.1" 200 46473 "http://182.92.209.117:2169/swagger/?nsukey=l2%2FUwdXRu2kuh4vq30e9EQB4cc9KdpPnIG0KS0rJCL44euw7JiFthOMNxxlCJIFnoAE9riF%2BdTE6KotoTmO%2Bm0WdrvEPZneUnQgdNjqf7v3XcQDXO%2BbADKIelmjxWQbV%2F1EE46lAvfgAfr%2BEK5PStpTrq1thgsUoUdDVF%2Fp%2BfPD17aJ7C8T0s1B%2FF4nOPD%2Fi" "Mozilla/5.0 (Windows NT 10.0; Win64; x64) AppleWebKit/537.36 (KHTML, like Gecko) Chrome/52.0.2743.116 Safari/537.36 Edge/15.15063"
183.222.217.163 - - [04/Jul/2017:14:25:07 +0800] "GET /static/rest_framework_swagger/lib/object-assign-pollyfill.js HTTP/1.1" 200 692 "http://182.92.209.117:2169/swagger/?nsukey=l2%2FUwdXRu2kuh4vq30e9EQB4cc9KdpPnIG0KS0rJCL44euw7JiFthOMNxxlCJIFnoAE9riF%2BdTE6KotoTmO%2Bm0WdrvEPZneUnQgdNjqf7v3XcQDXO%2BbADKIelmjxWQbV%2F1EE46lAvfgAfr%2BEK5PStpTrq1thgsUoUdDVF%2Fp%2BfPD17aJ7C8T0s1B%2FF4nOPD%2Fi" "Mozilla/5.0 (Windows NT 10.0; Win64; x64) AppleWebKit/537.36 (KHTML, like Gecko) Chrome/52.0.2743.116 Safari/537.36 Edge/15.15063"
183.222.217.163 - - [04/Jul/2017:14:25:07 +0800] "GET /static/rest_framework_swagger/lib/jquery-1.8.0.min.js HTTP/1.1" 200 92555 "http://182.92.209.117:2169/swagger/?nsukey=l2%2FUwdXRu2kuh4vq30e9EQB4cc9KdpPnIG0KS0rJCL44euw7JiFthOMNxxlCJIFnoAE9riF%2BdTE6KotoTmO%2Bm0WdrvEPZneUnQgdNjqf7v3XcQDXO%2BbADKIelmjxWQbV%2F1EE46lAvfgAfr%2BEK5PStpTrq1thgsUoUdDVF%2Fp%2BfPD17aJ7C8T0s1B%2FF4nOPD%2Fi" "Mozilla/5.0 (Windows NT 10.0; Win64; x64) AppleWebKit/537.36 (KHTML, like Gecko) Chrome/52.0.2743.116 Safari/537.36 Edge/15.15063"
183.222.217.163 - - [04/Jul/2017:14:25:07 +0800] "GET /static/rest_framework_swagger/lib/jquery.slideto.min.js HTTP/1.1" 200 369 "http://182.92.209.117:2169/swagger/?nsukey=l2%2FUwdXRu2kuh4vq30e9EQB4cc9KdpPnIG0KS0rJCL44euw7JiFthOMNxxlCJIFnoAE9riF%2BdTE6KotoTmO%2Bm0WdrvEPZneUnQgdNjqf7v3XcQDXO%2BbADKIelmjxWQbV%2F1EE46lAvfgAfr%2BEK5PStpTrq1thgsUoUdDVF%2Fp%2BfPD17aJ7C8T0s1B%2FF4nOPD%2Fi" "Mozilla/5.0 (Windows NT 10.0; Win64; x64) AppleWebKit/537.36 (KHTML, like Gecko) Chrome/52.0.2743.116 Safari/537.36 Edge/15.15063"
183.222.217.163 - - [04/Jul/2017:14:25:07 +0800] "GET /static/rest_framework_swagger/lib/jquery.wiggle.min.js HTTP/1.1" 200 762 "http://182.92.209.117:2169/swagger/?nsukey=l2%2FUwdXRu2kuh4vq30e9EQB4cc9KdpPnIG0KS0rJCL44euw7JiFthOMNxxlCJIFnoAE9riF%2BdTE6KotoTmO%2Bm0WdrvEPZneUnQgdNjqf7v3XcQDXO%2BbADKIelmjxWQbV%2F1EE46lAvfgAfr%2BEK5PStpTrq1thgsUoUdDVF%2Fp%2BfPD17aJ7C8T0s1B%2FF4nOPD%2Fi" "Mozilla/5.0 (Windows NT 10.0; Win64; x64) AppleWebKit/537.36 (KHTML, like Gecko) Chrome/52.0.2743.116 Safari/537.36 Edge/15.15063"
183.222.217.163 - - [04/Jul/2017:14:25:07 +0800] "GET /static/rest_framework_swagger/lib/jquery.ba-bbq.min.js HTTP/1.1" 200 4119 "http://182.92.209.117:2169/swagger/?nsukey=l2%2FUwdXRu2kuh4vq30e9EQB4cc9KdpPnIG0KS0rJCL44euw7JiFthOMNxxlCJIFnoAE9riF%2BdTE6KotoTmO%2Bm0WdrvEPZneUnQgdNjqf7v3XcQDXO%2BbADKIelmjxWQbV%2F1EE46lAvfgAfr%2BEK5PStpTrq1thgsUoUdDVF%2Fp%2BfPD17aJ7C8T0s1B%2FF4nOPD%2Fi" "Mozilla/5.0 (Windows NT 10.0; Win64; x64) AppleWebKit/537.36 (KHTML, like Gecko) Chrome/52.0.2743.116 Safari/537.36 Edge/15.15063"
183.222.217.163 - - [04/Jul/2017:14:25:07 +0800] "GET /static/rest_framework_swagger/lib/handlebars-2.0.0.js HTTP/1.1" 200 48517 "http://182.92.209.117:2169/swagger/?nsukey=l2%2FUwdXRu2kuh4vq30e9EQB4cc9KdpPnIG0KS0rJCL44euw7JiFthOMNxxlCJIFnoAE9riF%2BdTE6KotoTmO%2Bm0WdrvEPZneUnQgdNjqf7v3XcQDXO%2BbADKIelmjxWQbV%2F1EE46lAvfgAfr%2BEK5PStpTrq1thgsUoUdDVF%2Fp%2BfPD17aJ7C8T0s1B%2FF4nOPD%2Fi" "Mozilla/5.0 (Windows NT 10.0; Win64; x64) AppleWebKit/537.36 (KHTML, like Gecko) Chrome/52.0.2743.116 Safari/537.36 Edge/15.15063"
183.222.217.163 - - [04/Jul/2017:14:25:07 +0800] "GET /static/rest_framework_swagger/lib/js-yaml.min.js HTTP/1.1" 200 43621 "http://182.92.209.117:2169/swagger/?nsukey=l2%2FUwdXRu2kuh4vq30e9EQB4cc9KdpPnIG0KS0rJCL44euw7JiFthOMNxxlCJIFnoAE9riF%2BdTE6KotoTmO%2Bm0WdrvEPZneUnQgdNjqf7v3XcQDXO%2BbADKIelmjxWQbV%2F1EE46lAvfgAfr%2BEK5PStpTrq1thgsUoUdDVF%2Fp%2BfPD17aJ7C8T0s1B%2FF4nOPD%2Fi" "Mozilla/5.0 (Windows NT 10.0; Win64; x64) AppleWebKit/537.36 (KHTML, like Gecko) Chrome/52.0.2743.116 Safari/537.36 Edge/15.15063"
183.222.217.163 - - [04/Jul/2017:14:25:07 +0800] "GET /static/rest_framework_swagger/lib/lodash.min.js HTTP/1.1" 200 52646 "http://182.92.209.117:2169/swagger/?nsukey=l2%2FUwdXRu2kuh4vq30e9EQB4cc9KdpPnIG0KS0rJCL44euw7JiFthOMNxxlCJIFnoAE9riF%2BdTE6KotoTmO%2Bm0WdrvEPZneUnQgdNjqf7v3XcQDXO%2BbADKIelmjxWQbV%2F1EE46lAvfgAfr%2BEK5PStpTrq1thgsUoUdDVF%2Fp%2BfPD17aJ7C8T0s1B%2FF4nOPD%2Fi" "Mozilla/5.0 (Windows NT 10.0; Win64; x64) AppleWebKit/537.36 (KHTML, like Gecko) Chrome/52.0.2743.116 Safari/537.36 Edge/15.15063"
183.222.217.163 - - [04/Jul/2017:14:25:07 +0800] "GET /static/rest_framework_swagger/lib/backbone-min.js HTTP/1.1" 200 20390 "http://182.92.209.117:2169/swagger/?nsukey=l2%2FUwdXRu2kuh4vq30e9EQB4cc9KdpPnIG0KS0rJCL44euw7JiFthOMNxxlCJIFnoAE9riF%2BdTE6KotoTmO%2Bm0WdrvEPZneUnQgdNjqf7v3XcQDXO%2BbADKIelmjxWQbV%2F1EE46lAvfgAfr%2BEK5PStpTrq1thgsUoUdDVF%2Fp%2BfPD17aJ7C8T0s1B%2FF4nOPD%2Fi" "Mozilla/5.0 (Windows NT 10.0; Win64; x64) AppleWebKit/537.36 (KHTML, like Gecko) Chrome/52.0.2743.116 Safari/537.36 Edge/15.15063"
183.222.217.163 - - [04/Jul/2017:14:25:08 +0800] "GET /static/rest_framework_swagger/lib/highlight.9.1.0.pack_extended.js HTTP/1.1" 200 1025 "http://182.92.209.117:2169/swagger/?nsukey=l2%2FUwdXRu2kuh4vq30e9EQB4cc9KdpPnIG0KS0rJCL44euw7JiFthOMNxxlCJIFnoAE9riF%2BdTE6KotoTmO%2Bm0WdrvEPZneUnQgdNjqf7v3XcQDXO%2BbADKIelmjxWQbV%2F1EE46lAvfgAfr%2BEK5PStpTrq1thgsUoUdDVF%2Fp%2BfPD17aJ7C8T0s1B%2FF4nOPD%2Fi" "Mozilla/5.0 (Windows NT 10.0; Win64; x64) AppleWebKit/537.36 (KHTML, like Gecko) Chrome/52.0.2743.116 Safari/537.36 Edge/15.15063"
183.222.217.163 - - [04/Jul/2017:14:25:08 +0800] "GET /static/rest_framework_swagger/lib/highlight.9.1.0.pack.js HTTP/1.1" 200 11037 "http://182.92.209.117:2169/swagger/?nsukey=l2%2FUwdXRu2kuh4vq30e9EQB4cc9KdpPnIG0KS0rJCL44euw7JiFthOMNxxlCJIFnoAE9riF%2BdTE6KotoTmO%2Bm0WdrvEPZneUnQgdNjqf7v3XcQDXO%2BbADKIelmjxWQbV%2F1EE46lAvfgAfr%2BEK5PStpTrq1thgsUoUdDVF%2Fp%2BfPD17aJ7C8T0s1B%2FF4nOPD%2Fi" "Mozilla/5.0 (Windows NT 10.0; Win64; x64) AppleWebKit/537.36 (KHTML, like Gecko) Chrome/52.0.2743.116 Safari/537.36 Edge/15.15063"
183.222.217.163 - - [04/Jul/2017:14:25:08 +0800] "GET /static/rest_framework_swagger/lib/jsoneditor.min.js HTTP/1.1" 200 130042 "http://182.92.209.117:2169/swagger/?nsukey=l2%2FUwdXRu2kuh4vq30e9EQB4cc9KdpPnIG0KS0rJCL44euw7JiFthOMNxxlCJIFnoAE9riF%2BdTE6KotoTmO%2Bm0WdrvEPZneUnQgdNjqf7v3XcQDXO%2BbADKIelmjxWQbV%2F1EE46lAvfgAfr%2BEK5PStpTrq1thgsUoUdDVF%2Fp%2BfPD17aJ7C8T0s1B%2FF4nOPD%2Fi" "Mozilla/5.0 (Windows NT 10.0; Win64; x64) AppleWebKit/537.36 (KHTML, like Gecko) Chrome/52.0.2743.116 Safari/537.36 Edge/15.15063"
183.222.217.163 - - [04/Jul/2017:14:25:08 +0800] "GET /static/rest_framework_swagger/lib/marked.js HTTP/1.1" 200 28156 "http://182.92.209.117:2169/swagger/?nsukey=l2%2FUwdXRu2kuh4vq30e9EQB4cc9KdpPnIG0KS0rJCL44euw7JiFthOMNxxlCJIFnoAE9riF%2BdTE6KotoTmO%2Bm0WdrvEPZneUnQgdNjqf7v3XcQDXO%2BbADKIelmjxWQbV%2F1EE46lAvfgAfr%2BEK5PStpTrq1thgsUoUdDVF%2Fp%2BfPD17aJ7C8T0s1B%2FF4nOPD%2Fi" "Mozilla/5.0 (Windows NT 10.0; Win64; x64) AppleWebKit/537.36 (KHTML, like Gecko) Chrome/52.0.2743.116 Safari/537.36 Edge/15.15063"
183.222.217.163 - - [04/Jul/2017:14:25:09 +0800] "GET /static/rest_framework_swagger/lib/swagger-oauth.js HTTP/1.1" 200 11615 "http://182.92.209.117:2169/swagger/?nsukey=l2%2FUwdXRu2kuh4vq30e9EQB4cc9KdpPnIG0KS0rJCL44euw7JiFthOMNxxlCJIFnoAE9riF%2BdTE6KotoTmO%2Bm0WdrvEPZneUnQgdNjqf7v3XcQDXO%2BbADKIelmjxWQbV%2F1EE46lAvfgAfr%2BEK5PStpTrq1thgsUoUdDVF%2Fp%2BfPD17aJ7C8T0s1B%2FF4nOPD%2Fi" "Mozilla/5.0 (Windows NT 10.0; Win64; x64) AppleWebKit/537.36 (KHTML, like Gecko) Chrome/52.0.2743.116 Safari/537.36 Edge/15.15063"
183.222.217.163 - - [04/Jul/2017:14:25:09 +0800] "GET /static/rest_framework_swagger/init.js HTTP/1.1" 200 1434 "http://182.92.209.117:2169/swagger/?nsukey=l2%2FUwdXRu2kuh4vq30e9EQB4cc9KdpPnIG0KS0rJCL44euw7JiFthOMNxxlCJIFnoAE9riF%2BdTE6KotoTmO%2Bm0WdrvEPZneUnQgdNjqf7v3XcQDXO%2BbADKIelmjxWQbV%2F1EE46lAvfgAfr%2BEK5PStpTrq1thgsUoUdDVF%2Fp%2BfPD17aJ7C8T0s1B%2FF4nOPD%2Fi" "Mozilla/5.0 (Windows NT 10.0; Win64; x64) AppleWebKit/537.36 (KHTML, like Gecko) Chrome/52.0.2743.116 Safari/537.36 Edge/15.15063"
183.222.217.163 - - [04/Jul/2017:14:25:09 +0800] "GET /static/rest_framework_swagger/images/logo_small.png HTTP/1.1" 200 770 "http://182.92.209.117:2169/swagger/?nsukey=l2%2FUwdXRu2kuh4vq30e9EQB4cc9KdpPnIG0KS0rJCL44euw7JiFthOMNxxlCJIFnoAE9riF%2BdTE6KotoTmO%2Bm0WdrvEPZneUnQgdNjqf7v3XcQDXO%2BbADKIelmjxWQbV%2F1EE46lAvfgAfr%2BEK5PStpTrq1thgsUoUdDVF%2Fp%2BfPD17aJ7C8T0s1B%2FF4nOPD%2Fi" "Mozilla/5.0 (Windows NT 10.0; Win64; x64) AppleWebKit/537.36 (KHTML, like Gecko) Chrome/52.0.2743.116 Safari/537.36 Edge/15.15063"
183.222.217.163 - - [04/Jul/2017:14:25:11 +0800] "GET /static/rest_framework_swagger/swagger-ui.min.js HTTP/1.1" 200 289384 "http://182.92.209.117:2169/swagger/?nsukey=l2%2FUwdXRu2kuh4vq30e9EQB4cc9KdpPnIG0KS0rJCL44euw7JiFthOMNxxlCJIFnoAE9riF%2BdTE6KotoTmO%2Bm0WdrvEPZneUnQgdNjqf7v3XcQDXO%2BbADKIelmjxWQbV%2F1EE46lAvfgAfr%2BEK5PStpTrq1thgsUoUdDVF%2Fp%2BfPD17aJ7C8T0s1B%2FF4nOPD%2Fi" "Mozilla/5.0 (Windows NT 10.0; Win64; x64) AppleWebKit/537.36 (KHTML, like Gecko) Chrome/52.0.2743.116 Safari/537.36 Edge/15.15063"
183.222.217.163 - - [04/Jul/2017:14:25:13 +0800] "GET /static/rest_framework_swagger/images/favicon-32x32.png HTTP/1.1" 200 1654 "-" "Mozilla/5.0 (Windows NT 10.0; Win64; x64) AppleWebKit/537.36 (KHTML, like Gecko) Chrome/52.0.2743.116 Safari/537.36 Edge/15.15063"
183.222.217.163 - - [04/Jul/2017:14:25:13 +0800] "GET /swagger/?format=openapi HTTP/1.1" 200 1371 "http://182.92.209.117:2169/swagger/?nsukey=l2%2FUwdXRu2kuh4vq30e9EQB4cc9KdpPnIG0KS0rJCL44euw7JiFthOMNxxlCJIFnoAE9riF%2BdTE6KotoTmO%2Bm0WdrvEPZneUnQgdNjqf7v3XcQDXO%2BbADKIelmjxWQbV%2F1EE46lAvfgAfr%2BEK5PStpTrq1thgsUoUdDVF%2Fp%2BfPD17aJ7C8T0s1B%2FF4nOPD%2Fi" "Mozilla/5.0 (Windows NT 10.0; Win64; x64) AppleWebKit/537.36 (KHTML, like Gecko) Chrome/52.0.2743.116 Safari/537.36 Edge/15.15063"
23.22.16.221 - - [04/Jul/2017:14:25:14 +0800] "GET /swagger/?format=openapi HTTP/1.1" 200 1371 "-" "Apache-HttpClient/4.5.1 (Java/1.8.0_121)"
23.22.16.221 - - [04/Jul/2017:14:25:33 +0800] "GET /swagger/?format=openapi HTTP/1.1" 200 1371 "-" "Apache-HttpClient/4.5.1 (Java/1.8.0_121)"
183.222.217.163 - - [04/Jul/2017:14:26:04 +0800] "GET /docs/ HTTP/1.1" 200 4167 "-" "Mozilla/5.0 (Windows NT 10.0; Win64; x64) AppleWebKit/537.36 (KHTML, like Gecko) Chrome/52.0.2743.116 Safari/537.36 Edge/15.15063"
183.222.217.163 - - [04/Jul/2017:14:26:05 +0800] "GET /static/rest_framework_docs/css/style.css HTTP/1.1" 200 152200 "http://182.92.209.117:2169/docs/" "Mozilla/5.0 (Windows NT 10.0; Win64; x64) AppleWebKit/537.36 (KHTML, like Gecko) Chrome/52.0.2743.116 Safari/537.36 Edge/15.15063"
183.222.217.163 - - [04/Jul/2017:14:26:06 +0800] "GET /static/rest_framework_docs/fonts/fontawesome-webfont.woff2?v=4.5.0 HTTP/1.1" 200 66624 "http://182.92.209.117:2169/docs/" "Mozilla/5.0 (Windows NT 10.0; Win64; x64) AppleWebKit/537.36 (KHTML, like Gecko) Chrome/52.0.2743.116 Safari/537.36 Edge/15.15063"
183.222.217.163 - - [04/Jul/2017:14:26:07 +0800] "GET /static/rest_framework_docs/js/dist.min.js HTTP/1.1" 200 360389 "http://182.92.209.117:2169/docs/" "Mozilla/5.0 (Windows NT 10.0; Win64; x64) AppleWebKit/537.36 (KHTML, like Gecko) Chrome/52.0.2743.116 Safari/537.36 Edge/15.15063"
183.222.217.163 - - [04/Jul/2017:14:26:08 +0800] "GET /favicon.ico HTTP/1.1" 404 997 "-" "Mozilla/5.0 (Windows NT 10.0; Win64; x64) AppleWebKit/537.36 (KHTML, like Gecko) Chrome/52.0.2743.116 Safari/537.36 Edge/15.15063"
183.222.217.163 - - [04/Jul/2017:14:28:30 +0800] "POST /coupon/excel/gradeinfo/ HTTP/1.1" 401 69 "-" "Python-urllib/2.7"
183.222.217.163 - - [04/Jul/2017:14:29:25 +0800] "POST /coupon/excel/gradeinfo/ HTTP/1.1" 200 18 "-" "Python-urllib/2.7"
183.222.217.163 - - [04/Jul/2017:14:30:30 +0800] "GET /admin/ HTTP/1.1" 200 1413 "-" "Mozilla/5.0 (Windows NT 10.0; WOW64) AppleWebKit/537.36 (KHTML, like Gecko) Chrome/50.0.2661.102 Safari/537.36"
183.222.217.163 - - [04/Jul/2017:14:30:30 +0800] "GET /static/admin/css/dashboard.css HTTP/1.1" 304 0 "http://182.92.209.117:2169/admin/" "Mozilla/5.0 (Windows NT 10.0; WOW64) AppleWebKit/537.36 (KHTML, like Gecko) Chrome/50.0.2661.102 Safari/537.36"
183.222.217.163 - - [04/Jul/2017:14:30:30 +0800] "GET /static/admin/css/base.css HTTP/1.1" 304 0 "http://182.92.209.117:2169/admin/" "Mozilla/5.0 (Windows NT 10.0; WOW64) AppleWebKit/537.36 (KHTML, like Gecko) Chrome/50.0.2661.102 Safari/537.36"
183.222.217.163 - - [04/Jul/2017:14:30:30 +0800] "GET /static/admin/css/fonts.css HTTP/1.1" 304 0 "http://182.92.209.117:2169/admin/" "Mozilla/5.0 (Windows NT 10.0; WOW64) AppleWebKit/537.36 (KHTML, like Gecko) Chrome/50.0.2661.102 Safari/537.36"
183.222.217.163 - - [04/Jul/2017:14:30:31 +0800] "GET /static/admin/fonts/Roboto-Light-webfont.woff HTTP/1.1" 304 0 "http://182.92.209.117:2169/static/admin/css/fonts.css" "Mozilla/5.0 (Windows NT 10.0; WOW64) AppleWebKit/537.36 (KHTML, like Gecko) Chrome/50.0.2661.102 Safari/537.36"
183.222.217.163 - - [04/Jul/2017:14:30:31 +0800] "GET /static/admin/fonts/Roboto-Bold-webfont.woff HTTP/1.1" 304 0 "http://182.92.209.117:2169/static/admin/css/fonts.css" "Mozilla/5.0 (Windows NT 10.0; WOW64) AppleWebKit/537.36 (KHTML, like Gecko) Chrome/50.0.2661.102 Safari/537.36"
183.222.217.163 - - [04/Jul/2017:14:30:31 +0800] "GET /static/admin/fonts/Roboto-Regular-webfont.woff HTTP/1.1" 304 0 "http://182.92.209.117:2169/static/admin/css/fonts.css" "Mozilla/5.0 (Windows NT 10.0; WOW64) AppleWebKit/537.36 (KHTML, like Gecko) Chrome/50.0.2661.102 Safari/537.36"
183.222.217.163 - - [04/Jul/2017:14:30:31 +0800] "GET /static/admin/img/icon-addlink.svg HTTP/1.1" 304 0 "http://182.92.209.117:2169/static/admin/css/base.css" "Mozilla/5.0 (Windows NT 10.0; WOW64) AppleWebKit/537.36 (KHTML, like Gecko) Chrome/50.0.2661.102 Safari/537.36"
183.222.217.163 - - [04/Jul/2017:14:30:31 +0800] "GET /static/admin/img/icon-changelink.svg HTTP/1.1" 304 0 "http://182.92.209.117:2169/static/admin/css/base.css" "Mozilla/5.0 (Windows NT 10.0; WOW64) AppleWebKit/537.36 (KHTML, like Gecko) Chrome/50.0.2661.102 Safari/537.36"
61.151.226.189 - - [04/Jul/2017:14:30:39 +0800] "GET /admin HTTP/1.1" 301 5 "-" "Mozilla/5.0 (Windows NT 6.1; WOW64) AppleWebKit/537.36 (KHTML, like Gecko) Chrome/45.0.2454.101 Safari/537.36"
61.151.226.189 - - [04/Jul/2017:14:30:39 +0800] "GET /admin/ HTTP/1.1" 302 5 "http://182.92.209.117:2169/admin" "Mozilla/5.0 (Windows NT 6.1; WOW64) AppleWebKit/537.36 (KHTML, like Gecko) Chrome/45.0.2454.101 Safari/537.36"
61.151.226.189 - - [04/Jul/2017:14:30:40 +0800] "GET /admin/login/?next=/admin/ HTTP/1.1" 200 779 "http://182.92.209.117:2169/admin/" "Mozilla/5.0 (Windows NT 6.1; WOW64) AppleWebKit/537.36 (KHTML, like Gecko) Chrome/45.0.2454.101 Safari/537.36"
101.226.66.193 - - [04/Jul/2017:14:30:41 +0800] "GET /static/admin/fonts/Roboto-Light-webfont.woff HTTP/1.1" 200 81348 "http://182.92.209.117:2169/static/admin/css/fonts.css" "Mozilla/5.0 (Windows NT 6.1; WOW64) AppleWebKit/537.36 (KHTML, like Gecko) Chrome/45.0.2454.101 Safari/537.36"
101.226.33.204 - - [04/Jul/2017:14:30:41 +0800] "GET /static/admin/fonts/Roboto-Regular-webfont.woff HTTP/1.1" 200 80304 "http://182.92.209.117:2169/static/admin/css/fonts.css" "Mozilla/5.0 (Windows NT 6.1; WOW64) AppleWebKit/537.36 (KHTML, like Gecko) Chrome/56.0.2924.87 Safari/537.36"
101.226.33.203 - - [04/Jul/2017:14:30:41 +0800] "GET /static/admin/img/icon-addlink.svg HTTP/1.1" 200 331 "http://182.92.209.117:2169/static/admin/css/base.css" "Mozilla/5.0 (Windows NT 6.1; WOW64; Trident/7.0; SLCC2; .NET CLR 2.0.50727; .NET CLR 3.5.30729; .NET CLR 3.0.30729; Media Center PC 6.0; .NET4.0C; .NET4.0E; InfoPath.3; rv:11.0) like Gecko"
101.226.79.182 - - [04/Jul/2017:14:30:41 +0800] "GET /static/admin/fonts/Roboto-Bold-webfont.woff HTTP/1.1" 200 82564 "http://182.92.209.117:2169/static/admin/css/fonts.css" "Mozilla/5.0 (Windows NT 6.1; WOW64; rv:50.0) Gecko/20100101 Firefox/50.0"
101.226.66.180 - - [04/Jul/2017:14:30:44 +0800] "GET /static/admin/img/icon-addlink.svg HTTP/1.1" 200 331 "http://182.92.209.117:2169/static/admin/css/base.css" "Mozilla/5.0 (Windows NT 6.1; WOW64) AppleWebKit/537.36 (KHTML, like Gecko) Chrome/45.0.2454.101 Safari/537.36"
101.226.33.239 - - [04/Jul/2017:14:31:11 +0800] "GET /static/admin/img/icon-addlink.svg HTTP/1.1" 200 331 "http://182.92.209.117:2169/static/admin/css/base.css" "Mozilla/5.0 (Windows NT 6.1; WOW64; Trident/7.0; SLCC2; .NET CLR 2.0.50727; .NET CLR 3.5.30729; .NET CLR 3.0.30729; Media Center PC 6.0; .NET4.0C; .NET4.0E; InfoPath.3; rv:11.0) like Gecko"
220.181.132.218 - - [04/Jul/2017:14:31:13 +0800] "GET /admin HTTP/1.1" 301 5 "http://182.92.209.117:2169/admin" "Mozilla/4.0 (compatible; MSIE 8.0; Windows NT 6.1; Trident/4.0; SLCC2; .NET CLR 2.0.50727; .NET CLR 3.5.30729; .NET CLR 3.0.30729; Media Center PC 6.0; Tablet PC 2.0)"
220.181.132.218 - - [04/Jul/2017:14:31:13 +0800] "GET /admin/ HTTP/1.1" 302 5 "http://182.92.209.117:2169/admin" "Mozilla/4.0 (compatible; MSIE 8.0; Windows NT 6.1; Trident/4.0; SLCC2; .NET CLR 2.0.50727; .NET CLR 3.5.30729; .NET CLR 3.0.30729; Media Center PC 6.0; Tablet PC 2.0)"
220.181.132.218 - - [04/Jul/2017:14:31:13 +0800] "GET /admin/login/?next=/admin/ HTTP/1.1" 200 1681 "http://182.92.209.117:2169/admin" "Mozilla/4.0 (compatible; MSIE 8.0; Windows NT 6.1; Trident/4.0; SLCC2; .NET CLR 2.0.50727; .NET CLR 3.5.30729; .NET CLR 3.0.30729; Media Center PC 6.0; Tablet PC 2.0)"
101.199.108.54 - - [04/Jul/2017:14:31:41 +0800] "GET /admin HTTP/1.1" 502 182 "-" "Mozilla/5.0 (Linux; U; Android 5.0.2; zh-CN; Redmi Note 3 Build/LRX22G) AppleWebKit/537.36 (KHTML, like Gecko) Version/4.0 OPR/11.2.3.102637 Mobile Safari/537.36"
101.199.108.54 - - [04/Jul/2017:14:31:42 +0800] "GET /admin HTTP/1.1" 502 182 "-" "Mozilla/5.0 (Linux; U; Android 5.0.2; zh-CN; Redmi Note 3 Build/LRX22G) AppleWebKit/537.36 (KHTML, like Gecko) Version/4.0 OPR/11.2.3.102637 Mobile Safari/537.36"
171.13.14.152 - - [04/Jul/2017:14:31:45 +0800] "GET /admin HTTP/1.1" 502 182 "-" "Mozilla/5.0 (Linux; U; Android 5.0.2; zh-CN; Redmi Note 3 Build/LRX22G) AppleWebKit/537.36 (KHTML, like Gecko) Version/4.0 OPR/11.2.3.102637 Mobile Safari/537.36"
180.163.2.116 - - [04/Jul/2017:14:31:53 +0800] "GET /swagger/?nsukey=l2%2FUwdXRu2kuh4vq30e9EQB4cc9KdpPnIG0KS0rJCL44euw7JiFthOMNxxlCJIFnoAE9riF%2BdTE6KotoTmO%2Bm0WdrvEPZneUnQgdNjqf7v3XcQDXO%2BbADKIelmjxWQbV%2F1EE46lAvfgAfr%2BEK5PStpTrq1thgsUoUdDVF%2Fp%2BfPD17aJ7C8T0s1B%2FF4nOPD%2Fi HTTP/1.1" 502 182 "-" "Mozilla/5.0 (Linux; U; Android 4.4.4; zh-CN; Coolpad Y82-520 Build/KTU84P) AppleWebKit/534.30 (KHTML, like Gecko) Version/4.0 UCBrowser/10.9.8.738 U3/0.8.0 Mobile Safari/534.30"
101.226.33.202 - - [04/Jul/2017:14:31:59 +0800] "GET /static/admin/img/icon-addlink.svg HTTP/1.1" 200 331 "http://182.92.209.117:2169/static/admin/css/base.css" "Mozilla/5.0 (Windows NT 6.1; WOW64) AppleWebKit/537.36 (KHTML, like Gecko) Chrome/45.0.2454.101 Safari/537.36"
182.118.20.145 - - [04/Jul/2017:14:32:15 +0800] "GET /admin HTTP/1.1" 301 5 "-" "Mozilla/5.0 (Linux; U; Android 5.0.2; zh-CN; Redmi Note 3 Build/LRX22G) AppleWebKit/537.36 (KHTML, like Gecko) Version/4.0 OPR/11.2.3.102637 Mobile Safari/537.36"
182.118.20.145 - - [04/Jul/2017:14:32:15 +0800] "GET /admin/ HTTP/1.1" 302 5 "-" "Mozilla/5.0 (Linux; U; Android 5.0.2; zh-CN; Redmi Note 3 Build/LRX22G) AppleWebKit/537.36 (KHTML, like Gecko) Version/4.0 OPR/11.2.3.102637 Mobile Safari/537.36"
182.118.20.145 - - [04/Jul/2017:14:32:16 +0800] "GET /admin/login/?next=/admin/ HTTP/1.1" 200 779 "-" "Mozilla/5.0 (Linux; U; Android 5.0.2; zh-CN; Redmi Note 3 Build/LRX22G) AppleWebKit/537.36 (KHTML, like Gecko) Version/4.0 OPR/11.2.3.102637 Mobile Safari/537.36"
182.118.20.145 - - [04/Jul/2017:14:32:16 +0800] "GET /static/admin/css/login.css HTTP/1.1" 200 1203 "http://182.92.209.117:2169/admin/login/?next=/admin/" "Mozilla/5.0 (Linux; U; Android 5.0.2; zh-CN; Redmi Note 3 Build/LRX22G) AppleWebKit/537.36 (KHTML, like Gecko) Version/4.0 OPR/11.2.3.102637 Mobile Safari/537.36"
182.118.20.145 - - [04/Jul/2017:14:32:16 +0800] "GET /static/admin/css/base.css HTTP/1.1" 200 15897 "http://182.92.209.117:2169/admin/login/?next=/admin/" "Mozilla/5.0 (Linux; U; Android 5.0.2; zh-CN; Redmi Note 3 Build/LRX22G) AppleWebKit/537.36 (KHTML, like Gecko) Version/4.0 OPR/11.2.3.102637 Mobile Safari/537.36"
182.118.20.145 - - [04/Jul/2017:14:32:16 +0800] "GET /static/admin/css/fonts.css HTTP/1.1" 200 423 "http://182.92.209.117:2169/admin/login/?next=/admin/" "Mozilla/5.0 (Linux; U; Android 5.0.2; zh-CN; Redmi Note 3 Build/LRX22G) AppleWebKit/537.36 (KHTML, like Gecko) Version/4.0 OPR/11.2.3.102637 Mobile Safari/537.36"
182.118.20.145 - - [04/Jul/2017:14:32:16 +0800] "GET /static/admin/fonts/Roboto-Light-webfont.woff HTTP/1.1" 200 81348 "http://182.92.209.117:2169/admin/login/?next=/admin/" "Mozilla/5.0 (Linux; U; Android 5.0.2; zh-CN; Redmi Note 3 Build/LRX22G) AppleWebKit/537.36 (KHTML, like Gecko) Version/4.0 OPR/11.2.3.102637 Mobile Safari/537.36"
182.118.20.145 - - [04/Jul/2017:14:32:16 +0800] "GET /static/admin/fonts/Roboto-Regular-webfont.woff HTTP/1.1" 200 80304 "http://182.92.209.117:2169/admin/login/?next=/admin/" "Mozilla/5.0 (Linux; U; Android 5.0.2; zh-CN; Redmi Note 3 Build/LRX22G) AppleWebKit/537.36 (KHTML, like Gecko) Version/4.0 OPR/11.2.3.102637 Mobile Safari/537.36"
182.118.20.145 - - [04/Jul/2017:14:32:16 +0800] "GET /static/admin/fonts/Roboto-Bold-webfont.woff HTTP/1.1" 200 82564 "http://182.92.209.117:2169/admin/login/?next=/admin/" "Mozilla/5.0 (Linux; U; Android 5.0.2; zh-CN; Redmi Note 3 Build/LRX22G) AppleWebKit/537.36 (KHTML, like Gecko) Version/4.0 OPR/11.2.3.102637 Mobile Safari/537.36"
183.222.217.163 - - [04/Jul/2017:14:32:23 +0800] "POST /coupon/excel/gradeinfo/ HTTP/1.1" 400 18 "-" "Python-urllib/2.7"
183.222.217.163 - - [04/Jul/2017:14:32:56 +0800] "POST /coupon/excel/gradeinfo/ HTTP/1.1" 400 18 "-" "Python-urllib/2.7"
183.222.217.163 - - [04/Jul/2017:14:33:17 +0800] "POST /coupon/excel/gradeinfo/ HTTP/1.1" 400 18 "-" "Python-urllib/2.7"
101.226.33.237 - - [04/Jul/2017:14:34:59 +0800] "GET /static/rest_framework_docs/fonts/fontawesome-webfont.woff2?v=4.5.0 HTTP/1.1" 200 66624 "http://182.92.209.117:2169/static/rest_framework_docs/css/style.css" "Mozilla/5.0 (Windows NT 6.1; WOW64; Trident/7.0; SLCC2; .NET CLR 2.0.50727; .NET CLR 3.5.30729; .NET CLR 3.0.30729; Media Center PC 6.0; .NET4.0C; .NET4.0E; InfoPath.3; rv:11.0) like Gecko"
183.222.217.163 - - [04/Jul/2017:14:36:03 +0800] "POST /coupon/excel/gradeinfo/ HTTP/1.1" 400 18 "-" "Python-urllib/2.7"
183.222.217.163 - - [04/Jul/2017:14:37:54 +0800] "GET /admin/ HTTP/1.1" 502 584 "-" "Mozilla/5.0 (Windows NT 10.0; WOW64) AppleWebKit/537.36 (KHTML, like Gecko) Chrome/50.0.2661.102 Safari/537.36"
101.226.89.116 - - [04/Jul/2017:14:38:57 +0800] "GET /swagger/?nsukey=l2%2FUwdXRu2kuh4vq30e9EQB4cc9KdpPnIG0KS0rJCL44euw7JiFthOMNxxlCJIFnoAE9riF%2BdTE6KotoTmO%2Bm0WdrvEPZneUnQgdNjqf7v3XcQDXO%2BbADKIelmjxWQbV%2F1EE46lAvfgAfr%2BEK5PStpTrq1thgsUoUdDVF%2Fp%2BfPD17aJ7C8T0s1B%2FF4nOPD%2Fi HTTP/1.1" 502 182 "-" "Mozilla/5.0 (Linux; U; Android 4.4.4; zh-CN; Coolpad Y82-520 Build/KTU84P) AppleWebKit/534.30 (KHTML, like Gecko) Version/4.0 UCBrowser/10.9.8.738 U3/0.8.0 Mobile Safari/534.30"
183.222.217.163 - - [04/Jul/2017:14:44:57 +0800] "POST /coupon/excel/gradeinfo/ HTTP/1.1" 400 18 "-" "Python-urllib/2.7"
118.112.62.214 - - [04/Jul/2017:14:59:28 +0800] "GET /docs/ HTTP/1.1" 200 4149 "-" "Mozilla/5.0 (Windows NT 10.0; WOW64) AppleWebKit/537.36 (KHTML, like Gecko) Chrome/49.0.2623.108 Safari/537.36"
118.112.62.214 - - [04/Jul/2017:14:59:33 +0800] "GET /static/rest_framework_docs/css/style.css HTTP/1.1" 304 0 "http://182.92.209.117:2169/docs/" "Mozilla/5.0 (Windows NT 10.0; WOW64) AppleWebKit/537.36 (KHTML, like Gecko) Chrome/49.0.2623.108 Safari/537.36"
118.112.62.214 - - [04/Jul/2017:14:59:55 +0800] "GET /static/rest_framework_docs/fonts/fontawesome-webfont.woff2?v=4.5.0 HTTP/1.1" 304 0 "http://182.92.209.117:2169/static/rest_framework_docs/css/style.css" "Mozilla/5.0 (Windows NT 10.0; WOW64) AppleWebKit/537.36 (KHTML, like Gecko) Chrome/49.0.2623.108 Safari/537.36"
118.112.62.214 - - [04/Jul/2017:14:59:57 +0800] "GET /static/rest_framework_docs/js/dist.min.js HTTP/1.1" 304 0 "http://182.92.209.117:2169/docs/" "Mozilla/5.0 (Windows NT 10.0; WOW64) AppleWebKit/537.36 (KHTML, like Gecko) Chrome/49.0.2623.108 Safari/537.36"
118.112.62.214 - - [04/Jul/2017:15:00:00 +0800] "GET /favicon.ico HTTP/1.1" 404 997 "http://182.92.209.117:2169/docs/" "Mozilla/5.0 (Windows NT 10.0; WOW64) AppleWebKit/537.36 (KHTML, like Gecko) Chrome/49.0.2623.108 Safari/537.36"
183.222.217.163 - - [04/Jul/2017:15:01:26 +0800] "POST /coupon/excel/gradeinfo/ HTTP/1.1" 400 18 "-" "Python-urllib/2.7"
183.222.217.163 - - [04/Jul/2017:15:02:11 +0800] "POST /coupon/excel/gradeinfo/ HTTP/1.1" 400 18 "-" "Python-urllib/2.7"
183.222.217.163 - - [04/Jul/2017:15:04:14 +0800] "POST /coupon/excel/gradeinfo/ HTTP/1.1" 400 18 "-" "Python-urllib/2.7"
183.222.217.163 - - [04/Jul/2017:15:04:16 +0800] "GET /coupon/department/list/ HTTP/1.1" 200 1135 "-" "Python-urllib/2.7"
183.222.217.163 - - [04/Jul/2017:15:06:54 +0800] "POST /coupon/excel/gradeinfo/ HTTP/1.1" 400 18 "-" "Python-urllib/2.7"
183.222.217.163 - - [04/Jul/2017:15:08:03 +0800] "POST /coupon/excel/gradeinfo/ HTTP/1.1" 400 18 "-" "Python-urllib/2.7"
183.222.217.163 - - [04/Jul/2017:15:08:56 +0800] "GET /coupon/department/list/ HTTP/1.1" 200 1135 "-" "Python-urllib/2.7"
183.222.217.163 - - [04/Jul/2017:15:15:32 +0800] "POST /coupon/excel/gradeinfo/ HTTP/1.1" 400 18 "-" "Python-urllib/2.7"
183.222.217.163 - - [04/Jul/2017:15:15:50 +0800] "GET /coupon/department/list/ HTTP/1.1" 200 1135 "-" "Python-urllib/2.7"
183.222.217.163 - - [04/Jul/2017:15:16:15 +0800] "POST /coupon/excel/gradeinfo/ HTTP/1.1" 400 18 "-" "Python-urllib/2.7"
183.222.217.163 - - [04/Jul/2017:15:18:34 +0800] "GET /coupon/department/list/ HTTP/1.1" 200 1135 "-" "Python-urllib/2.7"
183.222.217.163 - - [04/Jul/2017:15:19:06 +0800] "GET /coupon/department/list/ HTTP/1.1" 200 1135 "-" "Python-urllib/2.7"
183.222.217.163 - - [04/Jul/2017:15:20:07 +0800] "GET /coupon/department/list/ HTTP/1.1" 200 1135 "-" "Python-urllib/2.7"
183.222.217.163 - - [04/Jul/2017:15:23:02 +0800] "GET /coupon/department/list/ HTTP/1.1" 200 1135 "-" "Python-urllib/2.7"
182.118.20.158 - - [04/Jul/2017:15:23:04 +0800] "GET /docs HTTP/1.1" 301 5 "http://182.92.209.117:2169/docs" "Mozilla/4.0 (compatible; MSIE 8.0; Windows NT 6.1; Trident/4.0; SLCC2; .NET CLR 2.0.50727; .NET CLR 3.5.30729; .NET CLR 3.0.30729; Media Center PC 6.0; Tablet PC 2.0)"
182.118.20.158 - - [04/Jul/2017:15:23:04 +0800] "GET /docs/ HTTP/1.1" 200 32849 "http://182.92.209.117:2169/docs" "Mozilla/4.0 (compatible; MSIE 8.0; Windows NT 6.1; Trident/4.0; SLCC2; .NET CLR 2.0.50727; .NET CLR 3.5.30729; .NET CLR 3.0.30729; Media Center PC 6.0; Tablet PC 2.0)"
101.199.108.59 - - [04/Jul/2017:15:23:13 +0800] "GET /docs HTTP/1.1" 301 5 "-" "Mozilla/5.0 (Linux; U; Android 5.0.2; zh-CN; Redmi Note 3 Build/LRX22G) AppleWebKit/537.36 (KHTML, like Gecko) Version/4.0 OPR/11.2.3.102637 Mobile Safari/537.36"
101.199.108.59 - - [04/Jul/2017:15:23:13 +0800] "GET /docs/ HTTP/1.1" 200 4149 "-" "Mozilla/5.0 (Linux; U; Android 5.0.2; zh-CN; Redmi Note 3 Build/LRX22G) AppleWebKit/537.36 (KHTML, like Gecko) Version/4.0 OPR/11.2.3.102637 Mobile Safari/537.36"
101.199.108.59 - - [04/Jul/2017:15:23:13 +0800] "GET /static/rest_framework_docs/css/style.css HTTP/1.1" 200 152200 "http://182.92.209.117:2169/docs/" "Mozilla/5.0 (Linux; U; Android 5.0.2; zh-CN; Redmi Note 3 Build/LRX22G) AppleWebKit/537.36 (KHTML, like Gecko) Version/4.0 OPR/11.2.3.102637 Mobile Safari/537.36"
101.199.108.59 - - [04/Jul/2017:15:23:14 +0800] "GET /static/rest_framework_docs/js/dist.min.js HTTP/1.1" 200 360389 "http://182.92.209.117:2169/docs/" "Mozilla/5.0 (Linux; U; Android 5.0.2; zh-CN; Redmi Note 3 Build/LRX22G) AppleWebKit/537.36 (KHTML, like Gecko) Version/4.0 OPR/11.2.3.102637 Mobile Safari/537.36"
101.199.108.59 - - [04/Jul/2017:15:23:15 +0800] "GET /static/rest_framework_docs/fonts/fontawesome-webfont.woff?v=4.5.0 HTTP/1.1" 200 83588 "http://182.92.209.117:2169/docs/" "Mozilla/5.0 (Linux; U; Android 5.0.2; zh-CN; Redmi Note 3 Build/LRX22G) AppleWebKit/537.36 (KHTML, like Gecko) Version/4.0 OPR/11.2.3.102637 Mobile Safari/537.36"
183.222.217.163 - - [04/Jul/2017:15:24:14 +0800] "GET /coupon/department/list/ HTTP/1.1" 200 1135 "-" "Python-urllib/2.7"
183.222.217.163 - - [04/Jul/2017:15:25:38 +0800] "GET /coupon/department/list/ HTTP/1.1" 200 1135 "-" "Python-urllib/2.7"
119.4.174.197 - - [04/Jul/2017:15:25:55 +0800] "POST /coupon/excel/gradeinfo/ HTTP/1.1" 400 18 "-" "Python-urllib/2.7"
183.222.217.163 - - [04/Jul/2017:15:26:20 +0800] "GET /coupon/department/list/ HTTP/1.1" 200 1135 "-" "Python-urllib/2.7"
119.4.174.197 - - [04/Jul/2017:15:28:08 +0800] "POST /coupon/excel/gradeinfo/ HTTP/1.1" 400 18 "-" "Python-urllib/2.7"
119.4.174.197 - - [04/Jul/2017:15:31:49 +0800] "POST /coupon/excel/gradeinfo/ HTTP/1.1" 400 18 "-" "Python-urllib/2.7"
183.222.217.163 - - [04/Jul/2017:15:32:38 +0800] "GET /coupon/department/list/ HTTP/1.1" 200 1135 "-" "Python-urllib/2.7"
119.4.174.197 - - [04/Jul/2017:15:33:55 +0800] "POST /coupon/excel/gradeinfo/ HTTP/1.1" 400 18 "-" "Python-urllib/2.7"
183.222.217.163 - - [04/Jul/2017:15:35:09 +0800] "GET /coupon/department/list/ HTTP/1.1" 200 1135 "-" "Python-urllib/2.7"
183.222.217.163 - - [04/Jul/2017:15:36:11 +0800] "GET /coupon/department/list/ HTTP/1.1" 200 1135 "-" "Python-urllib/2.7"
183.222.217.163 - - [04/Jul/2017:15:36:18 +0800] "GET /coupon/department/list/ HTTP/1.1" 200 1135 "-" "Python-urllib/2.7"
183.222.217.163 - - [04/Jul/2017:15:36:53 +0800] "POST //coupon/users/usercreate/ HTTP/1.1" 400 38 "-" "Python-urllib/2.7"
119.4.174.197 - - [04/Jul/2017:15:37:14 +0800] "POST /coupon/excel/gradeinfo/ HTTP/1.1" 400 18 "-" "Python-urllib/2.7"
183.222.217.163 - - [04/Jul/2017:15:37:18 +0800] "POST //coupon/users/usercreate/ HTTP/1.1" 400 38 "-" "Python-urllib/2.7"
119.4.174.197 - - [04/Jul/2017:15:37:19 +0800] "POST /coupon/excel/gradeinfo/ HTTP/1.1" 400 18 "-" "Python-urllib/2.7"
183.222.217.163 - - [04/Jul/2017:15:38:54 +0800] "GET /coupon/department/list/ HTTP/1.1" 200 1135 "-" "Python-urllib/2.7"
183.222.217.163 - - [04/Jul/2017:15:39:27 +0800] "POST //coupon/users/usercreate/ HTTP/1.1" 400 30 "-" "Python-urllib/2.7"
183.222.217.163 - - [04/Jul/2017:15:40:11 +0800] "GET /coupon/department/list/ HTTP/1.1" 200 1135 "-" "Python-urllib/2.7"
119.4.174.197 - - [04/Jul/2017:15:40:42 +0800] "POST /coupon/excel/gradeinfo/ HTTP/1.1" 400 18 "-" "Python-urllib/2.7"
183.222.217.163 - - [04/Jul/2017:15:40:44 +0800] "POST //coupon/users/usercreate/ HTTP/1.1" 400 30 "-" "Python-urllib/2.7"
183.222.217.163 - - [04/Jul/2017:15:41:48 +0800] "GET /coupon/department/list/ HTTP/1.1" 200 1135 "-" "Python-urllib/2.7"
119.4.174.197 - - [04/Jul/2017:15:42:01 +0800] "POST /coupon/excel/gradeinfo/ HTTP/1.1" 200 18 "-" "Python-urllib/2.7"
183.222.217.163 - - [04/Jul/2017:15:42:47 +0800] "GET /coupon/department/list/ HTTP/1.1" 200 1135 "-" "Python-urllib/2.7"
183.222.217.163 - - [04/Jul/2017:15:46:31 +0800] "GET /coupon/department/list/ HTTP/1.1" 200 1135 "-" "Python-urllib/2.7"
119.4.174.197 - - [04/Jul/2017:15:47:21 +0800] "POST /coupon/excel/gradeinfo/ HTTP/1.1" 400 18 "-" "Python-urllib/2.7"
183.222.217.163 - - [04/Jul/2017:15:47:32 +0800] "GET /coupon/department/list/ HTTP/1.1" 200 1135 "-" "Python-urllib/2.7"
183.222.217.163 - - [04/Jul/2017:15:48:57 +0800] "GET /coupon/department/list/ HTTP/1.1" 200 1135 "-" "Python-urllib/2.7"
119.4.174.197 - - [04/Jul/2017:15:49:17 +0800] "POST /coupon/excel/gradeinfo/ HTTP/1.1" 200 18 "-" "Python-urllib/2.7"
183.222.217.163 - - [04/Jul/2017:15:49:25 +0800] "POST //coupon/users/usercreate/ HTTP/1.1" 200 31 "-" "Python-urllib/2.7"
119.4.174.197 - - [04/Jul/2017:15:52:59 +0800] "POST /coupon/excel/gradeinfo/ HTTP/1.1" 400 18 "-" "Python-urllib/2.7"
119.4.174.197 - - [04/Jul/2017:15:53:55 +0800] "POST /coupon/excel/gradeinfo/ HTTP/1.1" 200 18 "-" "Python-urllib/2.7"
119.4.174.197 - - [04/Jul/2017:15:54:06 +0800] "POST /coupon/excel/gradeinfo/ HTTP/1.1" 400 18 "-" "Python-urllib/2.7"
119.4.174.197 - - [04/Jul/2017:15:54:41 +0800] "POST /coupon/excel/gradeinfo/ HTTP/1.1" 200 18 "-" "Python-urllib/2.7"
183.222.217.163 - - [04/Jul/2017:15:56:04 +0800] "GET /coupon/department/list/ HTTP/1.1" 200 1135 "-" "Python-urllib/2.7"
183.222.217.163 - - [04/Jul/2017:15:56:37 +0800] "POST //coupon/users/usercreate/ HTTP/1.1" 200 31 "-" "Python-urllib/2.7"
183.222.217.163 - - [04/Jul/2017:15:59:21 +0800] "GET /coupon/department/list/ HTTP/1.1" 502 182 "-" "Python-urllib/2.7"
183.222.217.163 - - [04/Jul/2017:15:59:34 +0800] "GET /coupon/department/list/ HTTP/1.1" 200 1135 "-" "Python-urllib/2.7"
183.222.217.163 - - [04/Jul/2017:15:59:59 +0800] "POST //coupon/users/usercreate/ HTTP/1.1" 200 31 "-" "Python-urllib/2.7"
183.222.217.163 - - [04/Jul/2017:16:06:04 +0800] "POST /coupon/excel/gradeinfo/ HTTP/1.1" 400 18 "-" "Python-urllib/2.7"
183.222.217.163 - - [04/Jul/2017:16:07:28 +0800] "POST /coupon/excel/gradeinfo/ HTTP/1.1" 400 18 "-" "Python-urllib/2.7"
183.222.217.163 - - [04/Jul/2017:16:08:05 +0800] "POST /coupon/excel/gradeinfo/ HTTP/1.1" 400 18 "-" "Python-urllib/2.7"
183.222.217.163 - - [04/Jul/2017:16:11:23 +0800] "POST /coupon/excel/gradeinfo/ HTTP/1.1" 400 18 "-" "Python-urllib/2.7"
183.222.217.163 - - [04/Jul/2017:16:12:34 +0800] "POST /coupon/excel/gradeinfo/ HTTP/1.1" 400 171 "-" "Python-urllib/2.7"
183.222.217.163 - - [04/Jul/2017:16:13:23 +0800] "POST /coupon/excel/gradeinfo/ HTTP/1.1" 400 18 "-" "Python-urllib/2.7"
183.222.217.163 - - [04/Jul/2017:16:14:03 +0800] "POST /coupon/excel/gradeinfo/ HTTP/1.1" 400 178 "-" "Python-urllib/2.7"
183.222.217.163 - - [04/Jul/2017:16:16:59 +0800] "POST /coupon/excel/gradeinfo/ HTTP/1.1" 400 178 "-" "Python-urllib/2.7"
183.222.217.163 - - [04/Jul/2017:16:17:52 +0800] "POST /coupon/excel/gradeinfo/ HTTP/1.1" 400 18 "-" "Python-urllib/2.7"
183.222.217.163 - - [04/Jul/2017:16:18:14 +0800] "POST /coupon/excel/gradeinfo/ HTTP/1.1" 200 627 "-" "Python-urllib/2.7"
183.222.217.163 - - [04/Jul/2017:16:30:37 +0800] "POST /coupon/excel/gradeinfo/ HTTP/1.1" 400 18 "-" "Python-urllib/2.7"
183.222.217.163 - - [04/Jul/2017:16:31:08 +0800] "POST /coupon/couponinfo/create HTTP/1.1" 401 69 "-" "Python-urllib/2.7"
183.222.217.163 - - [04/Jul/2017:16:33:32 +0800] "POST /coupon/excel/gradeinfo/ HTTP/1.1" 400 18 "-" "Python-urllib/2.7"
183.222.217.163 - - [04/Jul/2017:16:33:35 +0800] "POST /coupon/couponinfo/create HTTP/1.1" 401 69 "-" "Python-urllib/2.7"
183.222.217.163 - - [04/Jul/2017:16:37:12 +0800] "POST /coupon/couponinfo/create HTTP/1.1" 401 69 "-" "Python-urllib/2.7"
183.222.217.163 - - [04/Jul/2017:16:37:36 +0800] "POST /coupon/couponinfo/create HTTP/1.1" 401 69 "-" "Python-urllib/2.7"
183.222.217.163 - - [04/Jul/2017:16:37:54 +0800] "POST /coupon/couponinfo/create HTTP/1.1" 401 69 "-" "Python-urllib/2.7"
183.222.217.163 - - [04/Jul/2017:16:38:10 +0800] "POST /coupon/excel/gradeinfo/ HTTP/1.1" 502 182 "-" "Python-urllib/2.7"
183.222.217.163 - - [04/Jul/2017:16:42:03 +0800] "POST /coupon/couponinfo/create HTTP/1.1" 401 69 "-" "Python-urllib/2.7"
183.222.217.163 - - [04/Jul/2017:16:44:01 +0800] "POST /coupon/couponinfo/create HTTP/1.1" 400 262 "-" "Python-urllib/2.7"
183.222.217.163 - - [04/Jul/2017:16:46:40 +0800] "POST /coupon/login/ HTTP/1.1" 200 97 "-" "Mozilla/5.0 (Windows NT 10.0; Win64; x64) AppleWebKit/537.36 (KHTML, like Gecko) Chrome/59.0.3071.86 Safari/537.36"
183.222.217.163 - - [04/Jul/2017:16:51:25 +0800] "POST /coupon/couponinfo/create HTTP/1.1" 400 262 "-" "Python-urllib/2.7"
183.222.217.163 - - [04/Jul/2017:16:51:52 +0800] "POST /coupon/couponinfo/create HTTP/1.1" 400 262 "-" "Python-urllib/2.7"
183.222.217.163 - - [04/Jul/2017:16:53:14 +0800] "POST /coupon/couponinfo/create HTTP/1.1" 500 14077 "-" "Python-urllib/2.7"
183.222.217.163 - - [04/Jul/2017:16:53:56 +0800] "PATCH /coupon/users/userupdate/27/ HTTP/1.1" 200 133 "-" "Mozilla/5.0 (Windows NT 10.0; Win64; x64) AppleWebKit/537.36 (KHTML, like Gecko) Chrome/59.0.3071.86 Safari/537.36"
183.222.217.163 - - [04/Jul/2017:16:54:01 +0800] "POST /coupon/login/ HTTP/1.1" 200 97 "-" "Mozilla/5.0 (Windows NT 10.0; Win64; x64) AppleWebKit/537.36 (KHTML, like Gecko) Chrome/59.0.3071.86 Safari/537.36"
183.222.217.163 - - [04/Jul/2017:16:55:01 +0800] "POST /coupon/couponinfo/create HTTP/1.1" 500 14083 "-" "Python-urllib/2.7"
119.4.174.197 - yutaotao [04/Jul/2017:17:01:59 +0800] "POST /coupon/couponinfo/create HTTP/1.1" 201 314 "-" "Mozilla/5.0 (Windows NT 10.0; Win64; x64) AppleWebKit/537.36 (KHTML, like Gecko) Chrome/59.0.3071.86 Safari/537.36"
119.4.174.197 - - [04/Jul/2017:17:02:50 +0800] "POST /coupon/couponinfo/create HTTP/1.1" 500 14626 "-" "Mozilla/5.0 (Windows NT 10.0; Win64; x64) AppleWebKit/537.36 (KHTML, like Gecko) Chrome/59.0.3071.86 Safari/537.36"
119.4.174.197 - - [04/Jul/2017:17:03:00 +0800] "POST /coupon/couponinfo/create HTTP/1.1" 500 14627 "-" "Mozilla/5.0 (Windows NT 10.0; Win64; x64) AppleWebKit/537.36 (KHTML, like Gecko) Chrome/59.0.3071.86 Safari/537.36"
119.4.174.197 - - [04/Jul/2017:17:04:09 +0800] "POST /coupon/couponinfo/create HTTP/1.1" 201 314 "-" "Mozilla/5.0 (Windows NT 10.0; Win64; x64) AppleWebKit/537.36 (KHTML, like Gecko) Chrome/59.0.3071.86 Safari/537.36"
183.222.217.163 - - [04/Jul/2017:17:04:39 +0800] "POST /coupon/couponinfo/create HTTP/1.1" 201 304 "-" "Python-urllib/2.7"
118.112.62.214 - - [05/Jul/2017:10:23:17 +0800] "GET /favicon.ico HTTP/1.1" 404 997 "-" "Mozilla/5.0 (Windows NT 10.0; WOW64) AppleWebKit/537.36 (KHTML, like Gecko) Chrome/50.0.2661.102 Safari/537.36"
118.112.62.214 - - [05/Jul/2017:10:23:22 +0800] "GET /docs/ HTTP/1.1" 200 4149 "-" "Mozilla/5.0 (Windows NT 10.0; WOW64) AppleWebKit/537.36 (KHTML, like Gecko) Chrome/50.0.2661.102 Safari/537.36"
118.112.62.214 - - [05/Jul/2017:10:23:22 +0800] "GET /static/rest_framework_docs/css/style.css HTTP/1.1" 304 0 "http://182.92.209.117:2169/docs/" "Mozilla/5.0 (Windows NT 10.0; WOW64) AppleWebKit/537.36 (KHTML, like Gecko) Chrome/50.0.2661.102 Safari/537.36"
118.112.62.214 - - [05/Jul/2017:10:23:22 +0800] "GET /static/rest_framework_docs/js/dist.min.js HTTP/1.1" 304 0 "http://182.92.209.117:2169/docs/" "Mozilla/5.0 (Windows NT 10.0; WOW64) AppleWebKit/537.36 (KHTML, like Gecko) Chrome/50.0.2661.102 Safari/537.36"
118.112.62.214 - - [05/Jul/2017:10:23:31 +0800] "GET /static/rest_framework_docs/fonts/fontawesome-webfont.woff2?v=4.5.0 HTTP/1.1" 304 0 "http://182.92.209.117:2169/static/rest_framework_docs/css/style.css" "Mozilla/5.0 (Windows NT 10.0; WOW64) AppleWebKit/537.36 (KHTML, like Gecko) Chrome/50.0.2661.102 Safari/537.36"
118.112.62.214 - - [05/Jul/2017:10:23:31 +0800] "GET /favicon.ico HTTP/1.1" 404 997 "http://182.92.209.117:2169/docs/" "Mozilla/5.0 (Windows NT 10.0; WOW64) AppleWebKit/537.36 (KHTML, like Gecko) Chrome/50.0.2661.102 Safari/537.36"
101.226.89.120 - - [05/Jul/2017:10:23:32 +0800] "GET /docs HTTP/1.1" 301 5 "-" "Mozilla/5.0 (Windows NT 6.1; WOW64; Trident/7.0; SLCC2; .NET CLR 2.0.50727; .NET CLR 3.5.30729; .NET CLR 3.0.30729; Media Center PC 6.0; .NET4.0C; .NET4.0E; InfoPath.3; rv:11.0) like Gecko"
101.226.89.120 - - [05/Jul/2017:10:23:32 +0800] "GET /docs/ HTTP/1.1" 200 4149 "http://182.92.209.117:2169/docs" "Mozilla/5.0 (Windows NT 6.1; WOW64; Trident/7.0; SLCC2; .NET CLR 2.0.50727; .NET CLR 3.5.30729; .NET CLR 3.0.30729; Media Center PC 6.0; .NET4.0C; .NET4.0E; InfoPath.3; rv:11.0) like Gecko"
101.226.89.120 - - [05/Jul/2017:10:23:33 +0800] "GET /static/rest_framework_docs/js/dist.min.js HTTP/1.1" 200 360389 "http://182.92.209.117:2169/docs/" "Mozilla/5.0 (Windows NT 6.1; WOW64) AppleWebKit/537.36 (KHTML, like Gecko) Chrome/45.0.2454.101 Safari/537.36"
220.181.132.218 - - [05/Jul/2017:10:23:56 +0800] "GET /docs/ HTTP/1.1" 200 32922 "http://182.92.209.117:2169/docs/" "Mozilla/4.0 (compatible; MSIE 8.0; Windows NT 6.1; Trident/4.0; SLCC2; .NET CLR 2.0.50727; .NET CLR 3.5.30729; .NET CLR 3.0.30729; Media Center PC 6.0; Tablet PC 2.0)"
101.199.112.53 - - [05/Jul/2017:10:24:08 +0800] "GET /docs/ HTTP/1.1" 200 4149 "-" "Mozilla/5.0 (Linux; U; Android 5.0.2; zh-CN; Redmi Note 3 Build/LRX22G) AppleWebKit/537.36 (KHTML, like Gecko) Version/4.0 OPR/11.2.3.102637 Mobile Safari/537.36"
101.199.112.53 - - [05/Jul/2017:10:24:08 +0800] "GET /static/rest_framework_docs/css/style.css HTTP/1.1" 200 152200 "http://182.92.209.117:2169/docs/" "Mozilla/5.0 (Linux; U; Android 5.0.2; zh-CN; Redmi Note 3 Build/LRX22G) AppleWebKit/537.36 (KHTML, like Gecko) Version/4.0 OPR/11.2.3.102637 Mobile Safari/537.36"
101.199.112.53 - - [05/Jul/2017:10:24:09 +0800] "GET /static/rest_framework_docs/js/dist.min.js HTTP/1.1" 200 360389 "http://182.92.209.117:2169/docs/" "Mozilla/5.0 (Linux; U; Android 5.0.2; zh-CN; Redmi Note 3 Build/LRX22G) AppleWebKit/537.36 (KHTML, like Gecko) Version/4.0 OPR/11.2.3.102637 Mobile Safari/537.36"
101.199.112.53 - - [05/Jul/2017:10:24:10 +0800] "GET /static/rest_framework_docs/fonts/fontawesome-webfont.woff?v=4.5.0 HTTP/1.1" 200 83588 "http://182.92.209.117:2169/docs/" "Mozilla/5.0 (Linux; U; Android 5.0.2; zh-CN; Redmi Note 3 Build/LRX22G) AppleWebKit/537.36 (KHTML, like Gecko) Version/4.0 OPR/11.2.3.102637 Mobile Safari/537.36"
183.222.217.163 - - [05/Jul/2017:10:24:23 +0800] "POST /coupon/login/ HTTP/1.1" 200 97 "-" "Mozilla/5.0 (Windows NT 10.0; WOW64) AppleWebKit/537.36 (KHTML, like Gecko) Chrome/49.0.2623.108 Safari/537.36"
183.222.217.163 - - [05/Jul/2017:10:24:26 +0800] "POST /coupon/login/ HTTP/1.1" 200 97 "-" "Mozilla/5.0 (Windows NT 10.0; WOW64) AppleWebKit/537.36 (KHTML, like Gecko) Chrome/49.0.2623.108 Safari/537.36"
183.222.217.163 - - [05/Jul/2017:10:24:27 +0800] "POST /coupon/login/ HTTP/1.1" 200 97 "-" "Mozilla/5.0 (Windows NT 10.0; WOW64) AppleWebKit/537.36 (KHTML, like Gecko) Chrome/49.0.2623.108 Safari/537.36"
118.112.62.214 - - [05/Jul/2017:10:25:35 +0800] "GET /coupon/userinfo/ HTTP/1.1" 404 1185 "-" "Mozilla/5.0 (Windows NT 10.0; WOW64) AppleWebKit/537.36 (KHTML, like Gecko) Chrome/50.0.2661.102 Safari/537.36"
61.151.226.189 - - [05/Jul/2017:10:25:45 +0800] "GET /coupon/userinfo HTTP/1.1" 404 1187 "-" "Mozilla/5.0 (Macintosh; Intel Mac OS X 10_12_4) AppleWebKit/537.36 (KHTML, like Gecko) \x09\x09\x09Chrome/55.0.2883.95 Safari/537.36"
140.207.185.112 - - [05/Jul/2017:10:26:36 +0800] "GET /coupon/users/userinfo HTTP/1.1" 301 5 "-" "Mozilla/5.0 (Macintosh; Intel Mac OS X 10_12_4) AppleWebKit/537.36 (KHTML, like Gecko) \x09\x09\x09Chrome/55.0.2883.95 Safari/537.36"
140.207.185.112 - - [05/Jul/2017:10:26:36 +0800] "GET /coupon/users/userinfo/ HTTP/1.1" 200 1775 "http://182.92.209.117:2169/coupon/users/userinfo" "Mozilla/5.0 (Macintosh; Intel Mac OS X 10_12_4) AppleWebKit/537.36 (KHTML, like Gecko) \x09\x09\x09Chrome/55.0.2883.95 Safari/537.36"
61.151.226.16 - - [05/Jul/2017:10:26:37 +0800] "GET /coupon/users/userinfo HTTP/1.1" 301 5 "-" "Mozilla/5.0 (Macintosh; Intel Mac OS X 10_12_4) AppleWebKit/537.36 (KHTML, like Gecko) \x09\x09\x09Chrome/55.0.2883.95 Safari/537.36"
61.151.226.16 - - [05/Jul/2017:10:26:37 +0800] "GET /coupon/users/userinfo/ HTTP/1.1" 200 1775 "http://182.92.209.117:2169/coupon/users/userinfo" "Mozilla/5.0 (Macintosh; Intel Mac OS X 10_12_4) AppleWebKit/537.36 (KHTML, like Gecko) \x09\x09\x09Chrome/55.0.2883.95 Safari/537.36"
220.181.132.218 - - [05/Jul/2017:10:26:55 +0800] "GET /coupon/users/userinfo/ HTTP/1.1" 200 1775 "http://182.92.209.117:2169/coupon/users/userinfo/" "Mozilla/4.0 (compatible; MSIE 8.0; Windows NT 6.1; Trident/4.0; SLCC2; .NET CLR 2.0.50727; .NET CLR 3.5.30729; .NET CLR 3.0.30729; Media Center PC 6.0; Tablet PC 2.0)"
101.199.108.52 - - [05/Jul/2017:10:27:15 +0800] "GET /coupon/users/userinfo/ HTTP/1.1" 200 2783 "-" "Mozilla/5.0 (Linux; U; Android 5.0.2; zh-CN; Redmi Note 3 Build/LRX22G) AppleWebKit/537.36 (KHTML, like Gecko) Version/4.0 OPR/11.2.3.102637 Mobile Safari/537.36"
101.199.108.52 - - [05/Jul/2017:10:27:15 +0800] "GET /static/rest_framework/css/bootstrap-tweaks.css HTTP/1.1" 200 3385 "http://182.92.209.117:2169/coupon/users/userinfo/" "Mozilla/5.0 (Linux; U; Android 5.0.2; zh-CN; Redmi Note 3 Build/LRX22G) AppleWebKit/537.36 (KHTML, like Gecko) Version/4.0 OPR/11.2.3.102637 Mobile Safari/537.36"
101.199.108.52 - - [05/Jul/2017:10:27:15 +0800] "GET /static/rest_framework/css/prettify.css HTTP/1.1" 200 817 "http://182.92.209.117:2169/coupon/users/userinfo/" "Mozilla/5.0 (Linux; U; Android 5.0.2; zh-CN; Redmi Note 3 Build/LRX22G) AppleWebKit/537.36 (KHTML, like Gecko) Version/4.0 OPR/11.2.3.102637 Mobile Safari/537.36"
101.199.108.52 - - [05/Jul/2017:10:27:15 +0800] "GET /static/rest_framework/css/default.css HTTP/1.1" 200 1132 "http://182.92.209.117:2169/coupon/users/userinfo/" "Mozilla/5.0 (Linux; U; Android 5.0.2; zh-CN; Redmi Note 3 Build/LRX22G) AppleWebKit/537.36 (KHTML, like Gecko) Version/4.0 OPR/11.2.3.102637 Mobile Safari/537.36"
101.199.108.52 - - [05/Jul/2017:10:27:15 +0800] "GET /static/rest_framework/js/ajax-form.js HTTP/1.1" 200 2876 "http://182.92.209.117:2169/coupon/users/userinfo/" "Mozilla/5.0 (Linux; U; Android 5.0.2; zh-CN; Redmi Note 3 Build/LRX22G) AppleWebKit/537.36 (KHTML, like Gecko) Version/4.0 OPR/11.2.3.102637 Mobile Safari/537.36"
101.199.108.52 - - [05/Jul/2017:10:27:15 +0800] "GET /static/rest_framework/css/bootstrap.min.css HTTP/1.1" 200 121200 "http://182.92.209.117:2169/coupon/users/userinfo/" "Mozilla/5.0 (Linux; U; Android 5.0.2; zh-CN; Redmi Note 3 Build/LRX22G) AppleWebKit/537.36 (KHTML, like Gecko) Version/4.0 OPR/11.2.3.102637 Mobile Safari/537.36"
