119.4.255.16 - - [03/Jul/2017:17:18:43 +0800] "GET /admin/jsi18n/ HTTP/1.1" 200 3229 "http://182.92.209.117:2169/admin/coupon/userlist/24/change/" "Mozilla/5.0 (Windows NT 10.0; WOW64) AppleWebKit/537.36 (KHTML, like Gecko) Chrome/50.0.2661.102 Safari/537.36"
119.4.255.16 - - [03/Jul/2017:17:18:59 +0800] "POST /admin/coupon/userlist/24/change/ HTTP/1.1" 302 5 "http://182.92.209.117:2169/admin/coupon/userlist/24/change/" "Mozilla/5.0 (Windows NT 10.0; WOW64) AppleWebKit/537.36 (KHTML, like Gecko) Chrome/50.0.2661.102 Safari/537.36"
119.4.255.16 - - [03/Jul/2017:17:19:00 +0800] "GET /admin/coupon/userlist/ HTTP/1.1" 200 1917 "http://182.92.209.117:2169/admin/coupon/userlist/24/change/" "Mozilla/5.0 (Windows NT 10.0; WOW64) AppleWebKit/537.36 (KHTML, like Gecko) Chrome/50.0.2661.102 Safari/537.36"
119.4.255.16 - - [03/Jul/2017:17:19:00 +0800] "GET /admin/jsi18n/ HTTP/1.1" 200 3229 "http://182.92.209.117:2169/admin/coupon/userlist/" "Mozilla/5.0 (Windows NT 10.0; WOW64) AppleWebKit/537.36 (KHTML, like Gecko) Chrome/50.0.2661.102 Safari/537.36"
119.4.255.16 - - [03/Jul/2017:17:19:02 +0800] "GET /admin/coupon/userlist/25/change/ HTTP/1.1" 200 4379 "http://182.92.209.117:2169/admin/coupon/userlist/" "Mozilla/5.0 (Windows NT 10.0; WOW64) AppleWebKit/537.36 (KHTML, like Gecko) Chrome/50.0.2661.102 Safari/537.36"
119.4.255.16 - - [03/Jul/2017:17:19:02 +0800] "GET /admin/jsi18n/ HTTP/1.1" 200 3229 "http://182.92.209.117:2169/admin/coupon/userlist/25/change/" "Mozilla/5.0 (Windows NT 10.0; WOW64) AppleWebKit/537.36 (KHTML, like Gecko) Chrome/50.0.2661.102 Safari/537.36"
119.4.255.16 - - [03/Jul/2017:17:19:09 +0800] "POST /admin/coupon/userlist/25/change/ HTTP/1.1" 302 5 "http://182.92.209.117:2169/admin/coupon/userlist/25/change/" "Mozilla/5.0 (Windows NT 10.0; WOW64) AppleWebKit/537.36 (KHTML, like Gecko) Chrome/50.0.2661.102 Safari/537.36"
119.4.255.16 - - [03/Jul/2017:17:19:09 +0800] "GET /admin/coupon/userlist/ HTTP/1.1" 200 1918 "http://182.92.209.117:2169/admin/coupon/userlist/25/change/" "Mozilla/5.0 (Windows NT 10.0; WOW64) AppleWebKit/537.36 (KHTML, like Gecko) Chrome/50.0.2661.102 Safari/537.36"
119.4.255.16 - - [03/Jul/2017:17:19:09 +0800] "GET /admin/jsi18n/ HTTP/1.1" 200 3229 "http://182.92.209.117:2169/admin/coupon/userlist/" "Mozilla/5.0 (Windows NT 10.0; WOW64) AppleWebKit/537.36 (KHTML, like Gecko) Chrome/50.0.2661.102 Safari/537.36"
119.4.255.16 - - [03/Jul/2017:17:19:14 +0800] "GET /admin/coupon/userlist/26/change/ HTTP/1.1" 200 4385 "http://182.92.209.117:2169/admin/coupon/userlist/" "Mozilla/5.0 (Windows NT 10.0; WOW64) AppleWebKit/537.36 (KHTML, like Gecko) Chrome/50.0.2661.102 Safari/537.36"
119.4.255.16 - - [03/Jul/2017:17:19:14 +0800] "GET /admin/jsi18n/ HTTP/1.1" 200 3229 "http://182.92.209.117:2169/admin/coupon/userlist/26/change/" "Mozilla/5.0 (Windows NT 10.0; WOW64) AppleWebKit/537.36 (KHTML, like Gecko) Chrome/50.0.2661.102 Safari/537.36"
101.226.33.227 - - [03/Jul/2017:17:19:23 +0800] "GET /admin/coupon/userlist/26/change HTTP/1.1" 301 5 "http://182.92.209.117:2169/admin/coupon/userlist/" "Mozilla/5.0 (Windows NT 6.1; WOW64) AppleWebKit/537.36 (KHTML, like Gecko) Chrome/43.0.2357.124 Safari/537.36"
101.226.33.227 - - [03/Jul/2017:17:19:23 +0800] "GET /admin/coupon/userlist/26/change/ HTTP/1.1" 302 5 "http://182.92.209.117:2169/admin/coupon/userlist/26/change" "Mozilla/5.0 (Windows NT 6.1; WOW64) AppleWebKit/537.36 (KHTML, like Gecko) Chrome/43.0.2357.124 Safari/537.36"
101.226.33.227 - - [03/Jul/2017:17:19:24 +0800] "GET /admin/login/?next=/admin/coupon/userlist/26/change/ HTTP/1.1" 200 805 "http://182.92.209.117:2169/admin/coupon/userlist/26/change/" "Mozilla/5.0 (Windows NT 6.1; WOW64) AppleWebKit/537.36 (KHTML, like Gecko) Chrome/43.0.2357.124 Safari/537.36"
119.4.255.16 - - [03/Jul/2017:17:19:25 +0800] "POST /admin/coupon/userlist/26/change/ HTTP/1.1" 302 5 "http://182.92.209.117:2169/admin/coupon/userlist/26/change/" "Mozilla/5.0 (Windows NT 10.0; WOW64) AppleWebKit/537.36 (KHTML, like Gecko) Chrome/50.0.2661.102 Safari/537.36"
119.4.255.16 - - [03/Jul/2017:17:19:25 +0800] "GET /admin/coupon/userlist/ HTTP/1.1" 200 1919 "http://182.92.209.117:2169/admin/coupon/userlist/26/change/" "Mozilla/5.0 (Windows NT 10.0; WOW64) AppleWebKit/537.36 (KHTML, like Gecko) Chrome/50.0.2661.102 Safari/537.36"
119.4.255.16 - - [03/Jul/2017:17:19:25 +0800] "GET /admin/jsi18n/ HTTP/1.1" 200 3229 "http://182.92.209.117:2169/admin/coupon/userlist/" "Mozilla/5.0 (Windows NT 10.0; WOW64) AppleWebKit/537.36 (KHTML, like Gecko) Chrome/50.0.2661.102 Safari/537.36"
119.4.255.16 - - [03/Jul/2017:17:19:28 +0800] "GET /admin/coupon/userlist/27/change/ HTTP/1.1" 200 4375 "http://182.92.209.117:2169/admin/coupon/userlist/" "Mozilla/5.0 (Windows NT 10.0; WOW64) AppleWebKit/537.36 (KHTML, like Gecko) Chrome/50.0.2661.102 Safari/537.36"
119.4.255.16 - - [03/Jul/2017:17:19:28 +0800] "GET /admin/jsi18n/ HTTP/1.1" 200 3229 "http://182.92.209.117:2169/admin/coupon/userlist/27/change/" "Mozilla/5.0 (Windows NT 10.0; WOW64) AppleWebKit/537.36 (KHTML, like Gecko) Chrome/50.0.2661.102 Safari/537.36"
119.4.255.16 - - [03/Jul/2017:17:19:37 +0800] "GET /coupon/users/userinfo/ HTTP/1.1" 200 2686 "-" "Mozilla/5.0 (Windows NT 10.0; WOW64) AppleWebKit/537.36 (KHTML, like Gecko) Chrome/50.0.2661.102 Safari/537.36"
119.4.255.16 - - [03/Jul/2017:17:19:37 +0800] "GET /static/rest_framework/css/bootstrap-tweaks.css HTTP/1.1" 200 3385 "http://182.92.209.117:2169/coupon/users/userinfo/" "Mozilla/5.0 (Windows NT 10.0; WOW64) AppleWebKit/537.36 (KHTML, like Gecko) Chrome/50.0.2661.102 Safari/537.36"
119.4.255.16 - - [03/Jul/2017:17:19:37 +0800] "GET /static/rest_framework/css/prettify.css HTTP/1.1" 200 817 "http://182.92.209.117:2169/coupon/users/userinfo/" "Mozilla/5.0 (Windows NT 10.0; WOW64) AppleWebKit/537.36 (KHTML, like Gecko) Chrome/50.0.2661.102 Safari/537.36"
119.4.255.16 - - [03/Jul/2017:17:19:37 +0800] "GET /static/rest_framework/css/default.css HTTP/1.1" 200 1132 "http://182.92.209.117:2169/coupon/users/userinfo/" "Mozilla/5.0 (Windows NT 10.0; WOW64) AppleWebKit/537.36 (KHTML, like Gecko) Chrome/50.0.2661.102 Safari/537.36"
119.4.255.16 - - [03/Jul/2017:17:19:37 +0800] "GET /static/rest_framework/js/ajax-form.js HTTP/1.1" 200 2876 "http://182.92.209.117:2169/coupon/users/userinfo/" "Mozilla/5.0 (Windows NT 10.0; WOW64) AppleWebKit/537.36 (KHTML, like Gecko) Chrome/50.0.2661.102 Safari/537.36"
119.4.255.16 - - [03/Jul/2017:17:19:37 +0800] "GET /static/rest_framework/js/csrf.js HTTP/1.1" 200 1735 "http://182.92.209.117:2169/coupon/users/userinfo/" "Mozilla/5.0 (Windows NT 10.0; WOW64) AppleWebKit/537.36 (KHTML, like Gecko) Chrome/50.0.2661.102 Safari/537.36"
119.4.255.16 - - [03/Jul/2017:17:19:37 +0800] "GET /static/rest_framework/js/bootstrap.min.js HTTP/1.1" 200 37045 "http://182.92.209.117:2169/coupon/users/userinfo/" "Mozilla/5.0 (Windows NT 10.0; WOW64) AppleWebKit/537.36 (KHTML, like Gecko) Chrome/50.0.2661.102 Safari/537.36"
119.4.255.16 - - [03/Jul/2017:17:19:37 +0800] "GET /static/rest_framework/js/prettify-min.js HTTP/1.1" 200 13632 "http://182.92.209.117:2169/coupon/users/userinfo/" "Mozilla/5.0 (Windows NT 10.0; WOW64) AppleWebKit/537.36 (KHTML, like Gecko) Chrome/50.0.2661.102 Safari/537.36"
119.4.255.16 - - [03/Jul/2017:17:19:37 +0800] "GET /static/rest_framework/js/default.js HTTP/1.1" 200 1262 "http://182.92.209.117:2169/coupon/users/userinfo/" "Mozilla/5.0 (Windows NT 10.0; WOW64) AppleWebKit/537.36 (KHTML, like Gecko) Chrome/50.0.2661.102 Safari/537.36"
119.4.255.16 - - [03/Jul/2017:17:19:37 +0800] "GET /static/rest_framework/js/jquery-1.12.4.min.js HTTP/1.1" 200 97163 "http://182.92.209.117:2169/coupon/users/userinfo/" "Mozilla/5.0 (Windows NT 10.0; WOW64) AppleWebKit/537.36 (KHTML, like Gecko) Chrome/50.0.2661.102 Safari/537.36"
119.4.255.16 - - [03/Jul/2017:17:19:38 +0800] "GET /static/rest_framework/css/bootstrap.min.css HTTP/1.1" 200 121200 "http://182.92.209.117:2169/coupon/users/userinfo/" "Mozilla/5.0 (Windows NT 10.0; WOW64) AppleWebKit/537.36 (KHTML, like Gecko) Chrome/50.0.2661.102 Safari/537.36"
119.4.255.16 - - [03/Jul/2017:17:19:38 +0800] "GET /static/rest_framework/img/grid.png HTTP/1.1" 200 1458 "http://182.92.209.117:2169/static/rest_framework/css/bootstrap-tweaks.css" "Mozilla/5.0 (Windows NT 10.0; WOW64) AppleWebKit/537.36 (KHTML, like Gecko) Chrome/50.0.2661.102 Safari/537.36"
119.4.255.16 - - [03/Jul/2017:17:19:38 +0800] "GET /static/rest_framework/fonts/glyphicons-halflings-regular.woff2 HTTP/1.1" 200 18028 "http://182.92.209.117:2169/static/rest_framework/css/bootstrap.min.css" "Mozilla/5.0 (Windows NT 10.0; WOW64) AppleWebKit/537.36 (KHTML, like Gecko) Chrome/50.0.2661.102 Safari/537.36"
119.4.255.16 - - [03/Jul/2017:17:23:38 +0800] "PATCH /coupon/users/userupdate/?id=27 HTTP/1.1" 401 69 "-" "Mozilla/5.0 (Windows NT 10.0; Win64; x64) AppleWebKit/537.36 (KHTML, like Gecko) Chrome/59.0.3071.86 Safari/537.36"
119.4.255.16 - - [03/Jul/2017:17:24:23 +0800] "PATCH /coupon/users/userupdate/?id=27 HTTP/1.1" 401 69 "-" "Mozilla/5.0 (Windows NT 10.0; Win64; x64) AppleWebKit/537.36 (KHTML, like Gecko) Chrome/59.0.3071.86 Safari/537.36"
119.4.255.16 - - [03/Jul/2017:17:24:29 +0800] "PATCH /coupon/users/userupdate/?id=27 HTTP/1.1" 401 69 "-" "Mozilla/5.0 (Windows NT 10.0; Win64; x64) AppleWebKit/537.36 (KHTML, like Gecko) Chrome/59.0.3071.86 Safari/537.36"
119.4.255.16 - yutaotao [03/Jul/2017:17:25:09 +0800] "PATCH /coupon/users/userupdate/?id=27 HTTP/1.1" 500 14753 "-" "Mozilla/5.0 (Windows NT 10.0; Win64; x64) AppleWebKit/537.36 (KHTML, like Gecko) Chrome/59.0.3071.86 Safari/537.36"
119.4.255.16 - yutaotao [03/Jul/2017:17:25:43 +0800] "PATCH /coupon/users/userupdate/pk=27 HTTP/1.1" 404 1173 "-" "Mozilla/5.0 (Windows NT 10.0; Win64; x64) AppleWebKit/537.36 (KHTML, like Gecko) Chrome/59.0.3071.86 Safari/537.36"
101.226.33.238 - - [03/Jul/2017:17:25:49 +0800] "GET /admin/coupon/userlist/27/change HTTP/1.1" 301 5 "http://182.92.209.117:2169/admin/coupon/userlist/" "Mozilla/5.0 (Windows NT 6.1; WOW64) AppleWebKit/537.36 (KHTML, like Gecko) Chrome/45.0.2454.101 Safari/537.36"
119.4.255.16 - yutaotao [03/Jul/2017:17:25:50 +0800] "PATCH /coupon/users/userupdate/27/ HTTP/1.1" 404 1165 "-" "Mozilla/5.0 (Windows NT 10.0; Win64; x64) AppleWebKit/537.36 (KHTML, like Gecko) Chrome/59.0.3071.86 Safari/537.36"
101.226.33.238 - - [03/Jul/2017:17:25:53 +0800] "GET /admin/coupon/userlist/27/change/ HTTP/1.1" 302 5 "http://182.92.209.117:2169/admin/coupon/userlist/27/change" "Mozilla/5.0 (Windows NT 6.1; WOW64) AppleWebKit/537.36 (KHTML, like Gecko) Chrome/45.0.2454.101 Safari/537.36"
119.4.255.16 - yutaotao [03/Jul/2017:17:25:56 +0800] "PATCH /coupon/users/userupdate/pk=27/ HTTP/1.1" 404 1174 "-" "Mozilla/5.0 (Windows NT 10.0; Win64; x64) AppleWebKit/537.36 (KHTML, like Gecko) Chrome/59.0.3071.86 Safari/537.36"
101.226.33.238 - - [03/Jul/2017:17:25:57 +0800] "GET /admin/login/?next=/admin/coupon/userlist/27/change/ HTTP/1.1" 200 802 "http://182.92.209.117:2169/admin/coupon/userlist/27/change/" "Mozilla/5.0 (Windows NT 6.1; WOW64) AppleWebKit/537.36 (KHTML, like Gecko) Chrome/45.0.2454.101 Safari/537.36"
119.4.255.16 - yutaotao [03/Jul/2017:17:26:07 +0800] "PATCH /coupon/users/userupdate/?id=27/ HTTP/1.1" 500 14757 "-" "Mozilla/5.0 (Windows NT 10.0; Win64; x64) AppleWebKit/537.36 (KHTML, like Gecko) Chrome/59.0.3071.86 Safari/537.36"
101.226.66.187 - - [03/Jul/2017:17:26:11 +0800] "GET /admin/coupon/userlist/17/change HTTP/1.1" 301 5 "http://182.92.209.117:2169/admin/coupon/userlist/" "Mozilla/5.0 (Windows NT 6.1; WOW64; Trident/7.0; SLCC2; .NET CLR 2.0.50727; .NET CLR 3.5.30729; .NET CLR 3.0.30729; Media Center PC 6.0; .NET4.0C; .NET4.0E; InfoPath.3; rv:11.0) like Gecko"
101.226.66.187 - - [03/Jul/2017:17:26:16 +0800] "GET /admin/coupon/userlist/17/change/ HTTP/1.1" 302 5 "http://182.92.209.117:2169/admin/coupon/userlist/17/change" "Mozilla/5.0 (Windows NT 6.1; WOW64; Trident/7.0; SLCC2; .NET CLR 2.0.50727; .NET CLR 3.5.30729; .NET CLR 3.0.30729; Media Center PC 6.0; .NET4.0C; .NET4.0E; InfoPath.3; rv:11.0) like Gecko"
101.226.66.187 - - [03/Jul/2017:17:26:19 +0800] "GET /admin/login/?next=/admin/coupon/userlist/17/change/ HTTP/1.1" 200 803 "http://182.92.209.117:2169/admin/coupon/userlist/17/change/" "Mozilla/5.0 (Windows NT 6.1; WOW64; Trident/7.0; SLCC2; .NET CLR 2.0.50727; .NET CLR 3.5.30729; .NET CLR 3.0.30729; Media Center PC 6.0; .NET4.0C; .NET4.0E; InfoPath.3; rv:11.0) like Gecko"
119.4.255.16 - yutaotao [03/Jul/2017:17:26:19 +0800] "PATCH /coupon/users/userupdate/?pk=27/ HTTP/1.1" 500 14757 "-" "Mozilla/5.0 (Windows NT 10.0; Win64; x64) AppleWebKit/537.36 (KHTML, like Gecko) Chrome/59.0.3071.86 Safari/537.36"
119.4.255.16 - yutaotao [03/Jul/2017:17:26:34 +0800] "PATCH /coupon/users/userupdate/27/ HTTP/1.1" 404 1165 "-" "Mozilla/5.0 (Windows NT 10.0; Win64; x64) AppleWebKit/537.36 (KHTML, like Gecko) Chrome/59.0.3071.86 Safari/537.36"
119.4.255.16 - - [03/Jul/2017:17:26:54 +0800] "GET /favicon.ico HTTP/1.1" 404 997 "-" "Mozilla/5.0 (Windows NT 10.0; WOW64) AppleWebKit/537.36 (KHTML, like Gecko) Chrome/50.0.2661.102 Safari/537.36"
119.4.255.16 - - [03/Jul/2017:17:26:55 +0800] "GET /coupon/users/userupdate/27/ HTTP/1.1" 404 1163 "-" "Mozilla/5.0 (Windows NT 10.0; WOW64) AppleWebKit/537.36 (KHTML, like Gecko) Chrome/50.0.2661.102 Safari/537.36"
119.4.255.16 - - [03/Jul/2017:17:26:55 +0800] "GET /favicon.ico HTTP/1.1" 404 997 "http://182.92.209.117:2169/coupon/users/userupdate/27/" "Mozilla/5.0 (Windows NT 10.0; WOW64) AppleWebKit/537.36 (KHTML, like Gecko) Chrome/50.0.2661.102 Safari/537.36"
61.151.218.118 - - [03/Jul/2017:17:28:33 +0800] "GET /admin/coupon/userlist/24/change HTTP/1.1" 301 5 "http://182.92.209.117:2169/admin/coupon/userlist/" "Mozilla/5.0 (Windows NT 6.1; WOW64) AppleWebKit/537.36 (KHTML, like Gecko) Chrome/53.0.2785.104 Safari/537.36 Core/1.53.2141.400 QQBrowser/9.5.10219.400"
61.151.218.118 - - [03/Jul/2017:17:28:37 +0800] "GET /admin/coupon/userlist/24/change/ HTTP/1.1" 302 5 "http://182.92.209.117:2169/admin/coupon/userlist/24/change" "Mozilla/5.0 (Windows NT 6.1; WOW64) AppleWebKit/537.36 (KHTML, like Gecko) Chrome/53.0.2785.104 Safari/537.36 Core/1.53.2141.400 QQBrowser/9.5.10219.400"
61.151.218.118 - - [03/Jul/2017:17:28:40 +0800] "GET /admin/login/?next=/admin/coupon/userlist/24/change/ HTTP/1.1" 200 804 "http://182.92.209.117:2169/admin/coupon/userlist/24/change/" "Mozilla/5.0 (Windows NT 6.1; WOW64) AppleWebKit/537.36 (KHTML, like Gecko) Chrome/53.0.2785.104 Safari/537.36 Core/1.53.2141.400 QQBrowser/9.5.10219.400"
119.4.255.16 - yutaotao [03/Jul/2017:17:30:23 +0800] "PATCH /coupon/users/userupdate/27/ HTTP/1.1" 404 1165 "-" "Mozilla/5.0 (Windows NT 10.0; Win64; x64) AppleWebKit/537.36 (KHTML, like Gecko) Chrome/59.0.3071.86 Safari/537.36"
119.4.255.16 - yutaotao [03/Jul/2017:17:30:35 +0800] "PATCH /coupon/users/userupdate/27/ HTTP/1.1" 404 1179 "-" "Mozilla/5.0 (Windows NT 10.0; Win64; x64) AppleWebKit/537.36 (KHTML, like Gecko) Chrome/59.0.3071.86 Safari/537.36"
119.4.255.16 - yutaotao [03/Jul/2017:17:30:48 +0800] "PATCH /coupon/users/userupdate/?id=27/ HTTP/1.1" 404 1180 "-" "Mozilla/5.0 (Windows NT 10.0; Win64; x64) AppleWebKit/537.36 (KHTML, like Gecko) Chrome/59.0.3071.86 Safari/537.36"
119.4.255.16 - yutaotao [03/Jul/2017:17:31:18 +0800] "PATCH /coupon/users/userupdate/27/ HTTP/1.1" 404 1179 "-" "Mozilla/5.0 (Windows NT 10.0; Win64; x64) AppleWebKit/537.36 (KHTML, like Gecko) Chrome/59.0.3071.86 Safari/537.36"
119.4.255.16 - yutaotao [03/Jul/2017:17:33:07 +0800] "PATCH /coupon/users/userupdate/27/ HTTP/1.1" 404 1179 "-" "Mozilla/5.0 (Windows NT 10.0; Win64; x64) AppleWebKit/537.36 (KHTML, like Gecko) Chrome/59.0.3071.86 Safari/537.36"
119.4.255.16 - - [03/Jul/2017:17:33:29 +0800] "GET /coupon/users/userupdate/27/ HTTP/1.1" 404 1177 "-" "Mozilla/5.0 (Windows NT 10.0; WOW64) AppleWebKit/537.36 (KHTML, like Gecko) Chrome/50.0.2661.102 Safari/537.36"
119.4.255.16 - - [03/Jul/2017:17:33:33 +0800] "GET /coupon/users/userupdate/27/ HTTP/1.1" 404 1177 "-" "Mozilla/5.0 (Windows NT 10.0; WOW64) AppleWebKit/537.36 (KHTML, like Gecko) Chrome/50.0.2661.102 Safari/537.36"
119.4.255.16 - - [03/Jul/2017:17:34:18 +0800] "GET /coupon/users/userupdate/ HTTP/1.1" 404 1171 "-" "Mozilla/5.0 (Windows NT 10.0; WOW64) AppleWebKit/537.36 (KHTML, like Gecko) Chrome/50.0.2661.102 Safari/537.36"
119.4.255.16 - - [03/Jul/2017:17:34:24 +0800] "GET /coupon/users/userupdate/27%E3%80%81 HTTP/1.1" 404 1194 "-" "Mozilla/5.0 (Windows NT 10.0; WOW64) AppleWebKit/537.36 (KHTML, like Gecko) Chrome/50.0.2661.102 Safari/537.36"
101.226.33.239 - - [03/Jul/2017:17:34:28 +0800] "GET /coupon/users/userupdate HTTP/1.1" 404 1173 "-" "Mozilla/5.0 (Macintosh; Intel Mac OS X 10_12_4) AppleWebKit/537.36 (KHTML, like Gecko) \x09\x09\x09Chrome/55.0.2883.95 Safari/537.36"
119.4.255.16 - - [03/Jul/2017:17:34:32 +0800] "GET /coupon/users/userupdate/27 HTTP/1.1" 404 1176 "-" "Mozilla/5.0 (Windows NT 10.0; WOW64) AppleWebKit/537.36 (KHTML, like Gecko) Chrome/50.0.2661.102 Safari/537.36"
101.226.99.197 - - [03/Jul/2017:17:34:34 +0800] "GET /coupon/users/userupdate/27??? HTTP/1.1" 404 1179 "-" "Mozilla/5.0 (Windows NT 6.1; WOW64) AppleWebKit/537.36 (KHTML, like Gecko) Chrome/56.0.2924.87 Safari/537.36"
119.4.255.16 - - [03/Jul/2017:17:34:37 +0800] "GET /coupon/users/userupdate/27/ HTTP/1.1" 404 1177 "-" "Mozilla/5.0 (Windows NT 10.0; WOW64) AppleWebKit/537.36 (KHTML, like Gecko) Chrome/50.0.2661.102 Safari/537.36"
101.226.125.16 - - [03/Jul/2017:17:36:29 +0800] "GET /coupon/users/userupdate/27 HTTP/1.1" 404 1176 "-" "Mozilla/5.0 (Windows NT 6.1; WOW64; rv:50.0) Gecko/20100101 Firefox/50.0"
119.4.255.16 - yutaotao [03/Jul/2017:17:37:06 +0800] "PATCH /coupon/users/userupdate/27/ HTTP/1.1" 200 133 "-" "Mozilla/5.0 (Windows NT 10.0; Win64; x64) AppleWebKit/537.36 (KHTML, like Gecko) Chrome/59.0.3071.86 Safari/537.36"
183.222.217.163 - - [04/Jul/2017:10:36:51 +0800] "GET /docs/ HTTP/1.1" 200 3898 "-" "Mozilla/5.0 (Windows NT 10.0; WOW64) AppleWebKit/537.36 (KHTML, like Gecko) Chrome/49.0.2623.108 Safari/537.36"
183.222.217.163 - - [04/Jul/2017:10:36:52 +0800] "GET /static/rest_framework_docs/css/style.css HTTP/1.1" 304 0 "http://182.92.209.117:2169/docs/" "Mozilla/5.0 (Windows NT 10.0; WOW64) AppleWebKit/537.36 (KHTML, like Gecko) Chrome/49.0.2623.108 Safari/537.36"
183.222.217.163 - - [04/Jul/2017:10:36:52 +0800] "GET /static/rest_framework_docs/js/dist.min.js HTTP/1.1" 304 0 "http://182.92.209.117:2169/docs/" "Mozilla/5.0 (Windows NT 10.0; WOW64) AppleWebKit/537.36 (KHTML, like Gecko) Chrome/49.0.2623.108 Safari/537.36"
183.222.217.163 - - [04/Jul/2017:10:36:52 +0800] "GET /static/rest_framework_docs/fonts/fontawesome-webfont.woff2?v=4.5.0 HTTP/1.1" 304 0 "http://182.92.209.117:2169/static/rest_framework_docs/css/style.css" "Mozilla/5.0 (Windows NT 10.0; WOW64) AppleWebKit/537.36 (KHTML, like Gecko) Chrome/49.0.2623.108 Safari/537.36"
183.222.217.163 - - [04/Jul/2017:10:36:52 +0800] "GET /favicon.ico HTTP/1.1" 404 997 "http://182.92.209.117:2169/docs/" "Mozilla/5.0 (Windows NT 10.0; WOW64) AppleWebKit/537.36 (KHTML, like Gecko) Chrome/49.0.2623.108 Safari/537.36"
183.222.217.163 - - [04/Jul/2017:10:46:31 +0800] "GET /coupon/department/list/ HTTP/1.1" 200 878 "-" "Python-urllib/2.7"
183.222.217.163 - - [04/Jul/2017:10:46:51 +0800] "GET /coupon/department/list/ HTTP/1.1" 200 878 "-" "Python-urllib/2.7"
183.222.217.163 - - [04/Jul/2017:10:50:56 +0800] "GET /coupon/department/list/ HTTP/1.1" 200 878 "-" "Python-urllib/2.7"
183.222.217.163 - - [04/Jul/2017:10:51:08 +0800] "GET /coupon/department/list/ HTTP/1.1" 200 878 "-" "Python-urllib/2.7"
183.222.217.163 - - [04/Jul/2017:10:51:20 +0800] "GET /coupon/department/list/ HTTP/1.1" 200 878 "-" "Python-urllib/2.7"
183.222.217.163 - - [04/Jul/2017:10:53:05 +0800] "GET /coupon/department/list/ HTTP/1.1" 200 878 "-" "Python-urllib/2.7"
183.222.217.163 - - [04/Jul/2017:11:36:50 +0800] "GET /favicon.ico HTTP/1.1" 404 997 "-" "Mozilla/5.0 (Windows NT 10.0; WOW64) AppleWebKit/537.36 (KHTML, like Gecko) Chrome/50.0.2661.102 Safari/537.36"
183.222.217.163 - - [04/Jul/2017:11:37:06 +0800] "GET /coupon/department/list HTTP/1.1" 301 5 "-" "Mozilla/5.0 (Windows NT 10.0; WOW64) AppleWebKit/537.36 (KHTML, like Gecko) Chrome/50.0.2661.102 Safari/537.36"
183.222.217.163 - - [04/Jul/2017:11:37:06 +0800] "GET /coupon/department/list/ HTTP/1.1" 200 2239 "-" "Mozilla/5.0 (Windows NT 10.0; WOW64) AppleWebKit/537.36 (KHTML, like Gecko) Chrome/50.0.2661.102 Safari/537.36"
183.222.217.163 - - [04/Jul/2017:11:37:06 +0800] "GET /static/rest_framework/css/bootstrap-tweaks.css HTTP/1.1" 304 0 "http://182.92.209.117:2169/coupon/department/list/" "Mozilla/5.0 (Windows NT 10.0; WOW64) AppleWebKit/537.36 (KHTML, like Gecko) Chrome/50.0.2661.102 Safari/537.36"
183.222.217.163 - - [04/Jul/2017:11:37:06 +0800] "GET /static/rest_framework/css/bootstrap.min.css HTTP/1.1" 304 0 "http://182.92.209.117:2169/coupon/department/list/" "Mozilla/5.0 (Windows NT 10.0; WOW64) AppleWebKit/537.36 (KHTML, like Gecko) Chrome/50.0.2661.102 Safari/537.36"
183.222.217.163 - - [04/Jul/2017:11:37:06 +0800] "GET /static/rest_framework/css/prettify.css HTTP/1.1" 304 0 "http://182.92.209.117:2169/coupon/department/list/" "Mozilla/5.0 (Windows NT 10.0; WOW64) AppleWebKit/537.36 (KHTML, like Gecko) Chrome/50.0.2661.102 Safari/537.36"
183.222.217.163 - - [04/Jul/2017:11:37:06 +0800] "GET /static/rest_framework/css/default.css HTTP/1.1" 304 0 "http://182.92.209.117:2169/coupon/department/list/" "Mozilla/5.0 (Windows NT 10.0; WOW64) AppleWebKit/537.36 (KHTML, like Gecko) Chrome/50.0.2661.102 Safari/537.36"
183.222.217.163 - - [04/Jul/2017:11:37:06 +0800] "GET /static/rest_framework/js/jquery-1.12.4.min.js HTTP/1.1" 304 0 "http://182.92.209.117:2169/coupon/department/list/" "Mozilla/5.0 (Windows NT 10.0; WOW64) AppleWebKit/537.36 (KHTML, like Gecko) Chrome/50.0.2661.102 Safari/537.36"
183.222.217.163 - - [04/Jul/2017:11:37:06 +0800] "GET /static/rest_framework/js/ajax-form.js HTTP/1.1" 304 0 "http://182.92.209.117:2169/coupon/department/list/" "Mozilla/5.0 (Windows NT 10.0; WOW64) AppleWebKit/537.36 (KHTML, like Gecko) Chrome/50.0.2661.102 Safari/537.36"
183.222.217.163 - - [04/Jul/2017:11:37:06 +0800] "GET /static/rest_framework/js/csrf.js HTTP/1.1" 304 0 "http://182.92.209.117:2169/coupon/department/list/" "Mozilla/5.0 (Windows NT 10.0; WOW64) AppleWebKit/537.36 (KHTML, like Gecko) Chrome/50.0.2661.102 Safari/537.36"
183.222.217.163 - - [04/Jul/2017:11:37:06 +0800] "GET /static/rest_framework/js/bootstrap.min.js HTTP/1.1" 304 0 "http://182.92.209.117:2169/coupon/department/list/" "Mozilla/5.0 (Windows NT 10.0; WOW64) AppleWebKit/537.36 (KHTML, like Gecko) Chrome/50.0.2661.102 Safari/537.36"
183.222.217.163 - - [04/Jul/2017:11:37:06 +0800] "GET /static/rest_framework/js/prettify-min.js HTTP/1.1" 304 0 "http://182.92.209.117:2169/coupon/department/list/" "Mozilla/5.0 (Windows NT 10.0; WOW64) AppleWebKit/537.36 (KHTML, like Gecko) Chrome/50.0.2661.102 Safari/537.36"
183.222.217.163 - - [04/Jul/2017:11:37:06 +0800] "GET /static/rest_framework/js/default.js HTTP/1.1" 304 0 "http://182.92.209.117:2169/coupon/department/list/" "Mozilla/5.0 (Windows NT 10.0; WOW64) AppleWebKit/537.36 (KHTML, like Gecko) Chrome/50.0.2661.102 Safari/537.36"
183.222.217.163 - - [04/Jul/2017:11:37:06 +0800] "GET /static/rest_framework/img/grid.png HTTP/1.1" 304 0 "http://182.92.209.117:2169/static/rest_framework/css/bootstrap-tweaks.css" "Mozilla/5.0 (Windows NT 10.0; WOW64) AppleWebKit/537.36 (KHTML, like Gecko) Chrome/50.0.2661.102 Safari/537.36"
183.222.217.163 - - [04/Jul/2017:11:37:06 +0800] "GET /static/rest_framework/fonts/glyphicons-halflings-regular.woff2 HTTP/1.1" 304 0 "http://182.92.209.117:2169/static/rest_framework/css/bootstrap.min.css" "Mozilla/5.0 (Windows NT 10.0; WOW64) AppleWebKit/537.36 (KHTML, like Gecko) Chrome/50.0.2661.102 Safari/537.36"
183.222.217.163 - - [04/Jul/2017:11:37:07 +0800] "GET /favicon.ico HTTP/1.1" 404 997 "http://182.92.209.117:2169/coupon/department/list/" "Mozilla/5.0 (Windows NT 10.0; WOW64) AppleWebKit/537.36 (KHTML, like Gecko) Chrome/50.0.2661.102 Safari/537.36"
61.151.226.16 - - [04/Jul/2017:11:37:16 +0800] "GET /static/rest_framework/fonts/glyphicons-halflings-regular.woff2 HTTP/1.1" 200 18028 "http://182.92.209.117:2169/static/rest_framework/css/bootstrap.min.css" "Mozilla/5.0 (Windows NT 6.1; WOW64) AppleWebKit/537.36 (KHTML, like Gecko) Chrome/53.0.2785.104 Safari/537.36 Core/1.53.2141.400 QQBrowser/9.5.10219.400"
183.222.217.163 - - [04/Jul/2017:11:38:08 +0800] "GET /coupon/department/list/ HTTP/1.1" 500 86576 "-" "Mozilla/5.0 (Windows NT 10.0; WOW64) AppleWebKit/537.36 (KHTML, like Gecko) Chrome/50.0.2661.102 Safari/537.36"
183.222.217.163 - - [04/Jul/2017:11:38:45 +0800] "GET /coupon/department/list/ HTTP/1.1" 500 86279 "-" "Mozilla/5.0 (Windows NT 10.0; WOW64) AppleWebKit/537.36 (KHTML, like Gecko) Chrome/50.0.2661.102 Safari/537.36"
183.222.217.163 - - [04/Jul/2017:11:41:37 +0800] "GET /coupon/department/list/ HTTP/1.1" 500 96523 "-" "Mozilla/5.0 (Windows NT 10.0; WOW64) AppleWebKit/537.36 (KHTML, like Gecko) Chrome/50.0.2661.102 Safari/537.36"
183.222.217.163 - - [04/Jul/2017:11:43:07 +0800] "GET /coupon/department/list/ HTTP/1.1" 500 86276 "-" "Mozilla/5.0 (Windows NT 10.0; WOW64) AppleWebKit/537.36 (KHTML, like Gecko) Chrome/50.0.2661.102 Safari/537.36"
183.222.217.163 - - [04/Jul/2017:11:45:14 +0800] "GET /coupon/department/list/ HTTP/1.1" 500 86230 "-" "Mozilla/5.0 (Windows NT 10.0; WOW64) AppleWebKit/537.36 (KHTML, like Gecko) Chrome/50.0.2661.102 Safari/537.36"
183.222.217.163 - - [04/Jul/2017:11:46:26 +0800] "GET /coupon/department/list/ HTTP/1.1" 500 86274 "-" "Mozilla/5.0 (Windows NT 10.0; WOW64) AppleWebKit/537.36 (KHTML, like Gecko) Chrome/50.0.2661.102 Safari/537.36"
183.222.217.163 - - [04/Jul/2017:11:46:51 +0800] "GET /coupon/department/list/ HTTP/1.1" 500 13446 "-" "Python-urllib/2.7"
101.226.65.108 - - [04/Jul/2017:11:48:29 +0800] "GET /coupon/department/list HTTP/1.1" 301 5 "-" "Mozilla/5.0 (Windows NT 6.1; WOW64) AppleWebKit/537.36 (KHTML, like Gecko) Chrome/43.0.2357.124 Safari/537.36"
101.226.65.108 - - [04/Jul/2017:11:48:32 +0800] "GET /coupon/department/list/ HTTP/1.1" 500 13705 "http://182.92.209.117:2169/coupon/department/list" "Mozilla/5.0 (Windows NT 6.1; WOW64) AppleWebKit/537.36 (KHTML, like Gecko) Chrome/43.0.2357.124 Safari/537.36"
183.222.217.163 - - [04/Jul/2017:11:51:38 +0800] "GET /coupon/department/list/ HTTP/1.1" 500 86196 "-" "Mozilla/5.0 (Windows NT 10.0; WOW64) AppleWebKit/537.36 (KHTML, like Gecko) Chrome/50.0.2661.102 Safari/537.36"
183.222.217.163 - - [04/Jul/2017:11:52:45 +0800] "GET /coupon/department/list/ HTTP/1.1" 500 86441 "-" "Mozilla/5.0 (Windows NT 10.0; WOW64) AppleWebKit/537.36 (KHTML, like Gecko) Chrome/50.0.2661.102 Safari/537.36"
183.222.217.163 - - [04/Jul/2017:11:53:46 +0800] "GET /coupon/department/list/ HTTP/1.1" 200 2239 "-" "Mozilla/5.0 (Windows NT 10.0; WOW64) AppleWebKit/537.36 (KHTML, like Gecko) Chrome/50.0.2661.102 Safari/537.36"
183.222.217.163 - - [04/Jul/2017:11:53:46 +0800] "GET /static/rest_framework/css/bootstrap.min.css HTTP/1.1" 304 0 "http://182.92.209.117:2169/coupon/department/list/" "Mozilla/5.0 (Windows NT 10.0; WOW64) AppleWebKit/537.36 (KHTML, like Gecko) Chrome/50.0.2661.102 Safari/537.36"
183.222.217.163 - - [04/Jul/2017:11:53:46 +0800] "GET /static/rest_framework/css/bootstrap-tweaks.css HTTP/1.1" 304 0 "http://182.92.209.117:2169/coupon/department/list/" "Mozilla/5.0 (Windows NT 10.0; WOW64) AppleWebKit/537.36 (KHTML, like Gecko) Chrome/50.0.2661.102 Safari/537.36"
183.222.217.163 - - [04/Jul/2017:11:53:46 +0800] "GET /static/rest_framework/css/prettify.css HTTP/1.1" 304 0 "http://182.92.209.117:2169/coupon/department/list/" "Mozilla/5.0 (Windows NT 10.0; WOW64) AppleWebKit/537.36 (KHTML, like Gecko) Chrome/50.0.2661.102 Safari/537.36"
183.222.217.163 - - [04/Jul/2017:11:53:46 +0800] "GET /static/rest_framework/css/default.css HTTP/1.1" 304 0 "http://182.92.209.117:2169/coupon/department/list/" "Mozilla/5.0 (Windows NT 10.0; WOW64) AppleWebKit/537.36 (KHTML, like Gecko) Chrome/50.0.2661.102 Safari/537.36"
183.222.217.163 - - [04/Jul/2017:11:53:46 +0800] "GET /static/rest_framework/js/jquery-1.12.4.min.js HTTP/1.1" 304 0 "http://182.92.209.117:2169/coupon/department/list/" "Mozilla/5.0 (Windows NT 10.0; WOW64) AppleWebKit/537.36 (KHTML, like Gecko) Chrome/50.0.2661.102 Safari/537.36"
183.222.217.163 - - [04/Jul/2017:11:53:46 +0800] "GET /static/rest_framework/js/ajax-form.js HTTP/1.1" 304 0 "http://182.92.209.117:2169/coupon/department/list/" "Mozilla/5.0 (Windows NT 10.0; WOW64) AppleWebKit/537.36 (KHTML, like Gecko) Chrome/50.0.2661.102 Safari/537.36"
183.222.217.163 - - [04/Jul/2017:11:53:46 +0800] "GET /static/rest_framework/js/csrf.js HTTP/1.1" 304 0 "http://182.92.209.117:2169/coupon/department/list/" "Mozilla/5.0 (Windows NT 10.0; WOW64) AppleWebKit/537.36 (KHTML, like Gecko) Chrome/50.0.2661.102 Safari/537.36"
183.222.217.163 - - [04/Jul/2017:11:53:46 +0800] "GET /static/rest_framework/js/bootstrap.min.js HTTP/1.1" 304 0 "http://182.92.209.117:2169/coupon/department/list/" "Mozilla/5.0 (Windows NT 10.0; WOW64) AppleWebKit/537.36 (KHTML, like Gecko) Chrome/50.0.2661.102 Safari/537.36"
183.222.217.163 - - [04/Jul/2017:11:53:46 +0800] "GET /static/rest_framework/js/prettify-min.js HTTP/1.1" 304 0 "http://182.92.209.117:2169/coupon/department/list/" "Mozilla/5.0 (Windows NT 10.0; WOW64) AppleWebKit/537.36 (KHTML, like Gecko) Chrome/50.0.2661.102 Safari/537.36"
183.222.217.163 - - [04/Jul/2017:11:53:46 +0800] "GET /static/rest_framework/js/default.js HTTP/1.1" 304 0 "http://182.92.209.117:2169/coupon/department/list/" "Mozilla/5.0 (Windows NT 10.0; WOW64) AppleWebKit/537.36 (KHTML, like Gecko) Chrome/50.0.2661.102 Safari/537.36"
183.222.217.163 - - [04/Jul/2017:11:53:46 +0800] "GET /static/rest_framework/fonts/glyphicons-halflings-regular.woff2 HTTP/1.1" 304 0 "http://182.92.209.117:2169/coupon/department/list/" "Mozilla/5.0 (Windows NT 10.0; WOW64) AppleWebKit/537.36 (KHTML, like Gecko) Chrome/50.0.2661.102 Safari/537.36"
180.163.2.118 - - [04/Jul/2017:11:54:11 +0800] "GET /coupon/department/list HTTP/1.1" 301 5 "-" "Mozilla/5.0 (Windows NT 6.1; WOW64; Trident/7.0; SLCC2; .NET CLR 2.0.50727; .NET CLR 3.5.30729; .NET CLR 3.0.30729; Media Center PC 6.0; .NET4.0C; .NET4.0E; InfoPath.3; rv:11.0) like Gecko"
180.163.2.118 - - [04/Jul/2017:11:54:15 +0800] "GET /coupon/department/list/ HTTP/1.1" 200 878 "http://182.92.209.117:2169/coupon/department/list" "Mozilla/5.0 (Windows NT 6.1; WOW64; Trident/7.0; SLCC2; .NET CLR 2.0.50727; .NET CLR 3.5.30729; .NET CLR 3.0.30729; Media Center PC 6.0; .NET4.0C; .NET4.0E; InfoPath.3; rv:11.0) like Gecko"
183.222.217.163 - - [04/Jul/2017:12:31:18 +0800] "GET /coupon/department/list/ HTTP/1.1" 200 2359 "-" "Mozilla/5.0 (Windows NT 10.0; WOW64) AppleWebKit/537.36 (KHTML, like Gecko) Chrome/50.0.2661.102 Safari/537.36"
183.222.217.163 - - [04/Jul/2017:12:31:18 +0800] "GET /static/rest_framework/css/bootstrap.min.css HTTP/1.1" 304 0 "http://182.92.209.117:2169/coupon/department/list/" "Mozilla/5.0 (Windows NT 10.0; WOW64) AppleWebKit/537.36 (KHTML, like Gecko) Chrome/50.0.2661.102 Safari/537.36"
183.222.217.163 - - [04/Jul/2017:12:31:18 +0800] "GET /static/rest_framework/css/prettify.css HTTP/1.1" 304 0 "http://182.92.209.117:2169/coupon/department/list/" "Mozilla/5.0 (Windows NT 10.0; WOW64) AppleWebKit/537.36 (KHTML, like Gecko) Chrome/50.0.2661.102 Safari/537.36"
183.222.217.163 - - [04/Jul/2017:12:31:18 +0800] "GET /static/rest_framework/css/default.css HTTP/1.1" 304 0 "http://182.92.209.117:2169/coupon/department/list/" "Mozilla/5.0 (Windows NT 10.0; WOW64) AppleWebKit/537.36 (KHTML, like Gecko) Chrome/50.0.2661.102 Safari/537.36"
183.222.217.163 - - [04/Jul/2017:12:31:18 +0800] "GET /static/rest_framework/css/bootstrap-tweaks.css HTTP/1.1" 304 0 "http://182.92.209.117:2169/coupon/department/list/" "Mozilla/5.0 (Windows NT 10.0; WOW64) AppleWebKit/537.36 (KHTML, like Gecko) Chrome/50.0.2661.102 Safari/537.36"
183.222.217.163 - - [04/Jul/2017:12:31:18 +0800] "GET /static/rest_framework/js/jquery-1.12.4.min.js HTTP/1.1" 304 0 "http://182.92.209.117:2169/coupon/department/list/" "Mozilla/5.0 (Windows NT 10.0; WOW64) AppleWebKit/537.36 (KHTML, like Gecko) Chrome/50.0.2661.102 Safari/537.36"
183.222.217.163 - - [04/Jul/2017:12:31:18 +0800] "GET /static/rest_framework/js/ajax-form.js HTTP/1.1" 304 0 "http://182.92.209.117:2169/coupon/department/list/" "Mozilla/5.0 (Windows NT 10.0; WOW64) AppleWebKit/537.36 (KHTML, like Gecko) Chrome/50.0.2661.102 Safari/537.36"
183.222.217.163 - - [04/Jul/2017:12:31:18 +0800] "GET /static/rest_framework/js/csrf.js HTTP/1.1" 304 0 "http://182.92.209.117:2169/coupon/department/list/" "Mozilla/5.0 (Windows NT 10.0; WOW64) AppleWebKit/537.36 (KHTML, like Gecko) Chrome/50.0.2661.102 Safari/537.36"
183.222.217.163 - - [04/Jul/2017:12:31:18 +0800] "GET /static/rest_framework/js/bootstrap.min.js HTTP/1.1" 304 0 "http://182.92.209.117:2169/coupon/department/list/" "Mozilla/5.0 (Windows NT 10.0; WOW64) AppleWebKit/537.36 (KHTML, like Gecko) Chrome/50.0.2661.102 Safari/537.36"
183.222.217.163 - - [04/Jul/2017:12:31:18 +0800] "GET /static/rest_framework/js/default.js HTTP/1.1" 304 0 "http://182.92.209.117:2169/coupon/department/list/" "Mozilla/5.0 (Windows NT 10.0; WOW64) AppleWebKit/537.36 (KHTML, like Gecko) Chrome/50.0.2661.102 Safari/537.36"
183.222.217.163 - - [04/Jul/2017:12:31:18 +0800] "GET /static/rest_framework/js/prettify-min.js HTTP/1.1" 304 0 "http://182.92.209.117:2169/coupon/department/list/" "Mozilla/5.0 (Windows NT 10.0; WOW64) AppleWebKit/537.36 (KHTML, like Gecko) Chrome/50.0.2661.102 Safari/537.36"
183.222.217.163 - - [04/Jul/2017:12:31:18 +0800] "GET /static/rest_framework/fonts/glyphicons-halflings-regular.woff2 HTTP/1.1" 304 0 "http://182.92.209.117:2169/coupon/department/list/" "Mozilla/5.0 (Windows NT 10.0; WOW64) AppleWebKit/537.36 (KHTML, like Gecko) Chrome/50.0.2661.102 Safari/537.36"
183.222.217.163 - - [04/Jul/2017:13:56:43 +0800] "GET /coupon/department/list/ HTTP/1.1" 502 182 "-" "Python-urllib/2.7"
183.222.217.163 - - [04/Jul/2017:13:56:46 +0800] "GET /coupon/department/list/ HTTP/1.1" 502 182 "-" "Python-urllib/2.7"
183.222.217.163 - - [04/Jul/2017:13:56:52 +0800] "GET /docs/ HTTP/1.1" 502 584 "-" "Mozilla/5.0 (Windows NT 10.0; WOW64) AppleWebKit/537.36 (KHTML, like Gecko) Chrome/49.0.2623.108 Safari/537.36"
183.222.217.163 - - [04/Jul/2017:13:56:53 +0800] "GET /favicon.ico HTTP/1.1" 502 584 "http://182.92.209.117:2169/docs/" "Mozilla/5.0 (Windows NT 10.0; WOW64) AppleWebKit/537.36 (KHTML, like Gecko) Chrome/49.0.2623.108 Safari/537.36"
183.222.217.163 - - [04/Jul/2017:13:56:55 +0800] "GET /docs/ HTTP/1.1" 502 584 "-" "Mozilla/5.0 (Windows NT 10.0; WOW64) AppleWebKit/537.36 (KHTML, like Gecko) Chrome/49.0.2623.108 Safari/537.36"
183.222.217.163 - - [04/Jul/2017:13:56:55 +0800] "GET /favicon.ico HTTP/1.1" 502 584 "http://182.92.209.117:2169/docs/" "Mozilla/5.0 (Windows NT 10.0; WOW64) AppleWebKit/537.36 (KHTML, like Gecko) Chrome/49.0.2623.108 Safari/537.36"
183.222.217.163 - - [04/Jul/2017:14:22:10 +0800] "GET /favicon.ico HTTP/1.1" 500 96634 "-" "Mozilla/5.0 (Windows NT 10.0; WOW64) AppleWebKit/537.36 (KHTML, like Gecko) Chrome/50.0.2661.102 Safari/537.36"
183.222.217.163 - - [04/Jul/2017:14:22:14 +0800] "GET /docs/ HTTP/1.1" 500 96900 "-" "Mozilla/5.0 (Windows NT 10.0; WOW64) AppleWebKit/537.36 (KHTML, like Gecko) Chrome/50.0.2661.102 Safari/537.36"
101.226.33.216 - - [04/Jul/2017:14:22:24 +0800] "GET /docs HTTP/1.1" 502 182 "-" "Mozilla/5.0 (Windows NT 6.1; WOW64; rv:50.0) Gecko/20100101 Firefox/50.0"
183.222.217.163 - - [04/Jul/2017:14:22:42 +0800] "GET /docs/ HTTP/1.1" 500 116847 "-" "Mozilla/5.0 (Windows NT 10.0; WOW64) AppleWebKit/537.36 (KHTML, like Gecko) Chrome/50.0.2661.102 Safari/537.36"
220.181.132.218 - - [04/Jul/2017:14:22:54 +0800] "GET /docs HTTP/1.1" 502 584 "http://182.92.209.117:2169/docs" "Mozilla/4.0 (compatible; MSIE 8.0; Windows NT 6.1; Trident/4.0; SLCC2; .NET CLR 2.0.50727; .NET CLR 3.5.30729; .NET CLR 3.0.30729; Media Center PC 6.0; Tablet PC 2.0)"
183.222.217.163 - - [04/Jul/2017:14:23:53 +0800] "GET /docs/ HTTP/1.1" 200 4167 "-" "Mozilla/5.0 (Windows NT 10.0; WOW64) AppleWebKit/537.36 (KHTML, like Gecko) Chrome/50.0.2661.102 Safari/537.36"
183.222.217.163 - - [04/Jul/2017:14:23:54 +0800] "GET /static/rest_framework_docs/css/style.css HTTP/1.1" 304 0 "http://182.92.209.117:2169/docs/" "Mozilla/5.0 (Windows NT 10.0; WOW64) AppleWebKit/537.36 (KHTML, like Gecko) Chrome/50.0.2661.102 Safari/537.36"
183.222.217.163 - - [04/Jul/2017:14:23:54 +0800] "GET /static/rest_framework_docs/js/dist.min.js HTTP/1.1" 304 0 "http://182.92.209.117:2169/docs/" "Mozilla/5.0 (Windows NT 10.0; WOW64) AppleWebKit/537.36 (KHTML, like Gecko) Chrome/50.0.2661.102 Safari/537.36"
183.222.217.163 - - [04/Jul/2017:14:23:54 +0800] "GET /static/rest_framework_docs/fonts/fontawesome-webfont.woff2?v=4.5.0 HTTP/1.1" 304 0 "http://182.92.209.117:2169/static/rest_framework_docs/css/style.css" "Mozilla/5.0 (Windows NT 10.0; WOW64) AppleWebKit/537.36 (KHTML, like Gecko) Chrome/50.0.2661.102 Safari/537.36"
14.17.37.69 - - [04/Jul/2017:14:24:57 +0800] "GET /swagger/?nsukey=l2%2FUwdXRu2kuh4vq30e9EQB4cc9KdpPnIG0KS0rJCL44euw7JiFthOMNxxlCJIFnoAE9riF%2BdTE6KotoTmO%2Bm0WdrvEPZneUnQgdNjqf7v3XcQDXO%2BbADKIelmjxWQbV%2F1EE46lAvfgAfr%2BEK5PStpTrq1thgsUoUdDVF%2Fp%2BfPD17aJ7C8T0s1B%2FF4nOPD%2Fi HTTP/1.1" 200 1105 "-" "Mozilla/5.0 (Windows; U; Windows NT 5.1; en-US) AppleWebKit/534.13 (KHTML, like Gecko) Chrome/9.0.597.107 Safari/534.13"
183.61.51.199 - - [04/Jul/2017:14:24:58 +0800] "GET /swagger/?nsukey=l2%2FUwdXRu2kuh4vq30e9EQB4cc9KdpPnIG0KS0rJCL44euw7JiFthOMNxxlCJIFnoAE9riF%2BdTE6KotoTmO%2Bm0WdrvEPZneUnQgdNjqf7v3XcQDXO%2BbADKIelmjxWQbV%2F1EE46lAvfgAfr%2BEK5PStpTrq1thgsUoUdDVF%2Fp%2BfPD17aJ7C8T0s1B%2FF4nOPD%2Fi HTTP/1.1" 200 1106 "-" "Mozilla/5.0 (Windows NT 6.1; WOW64) AppleWebKit/537.36 (KHTML, like Gecko) Chrome/46.0.2490.80 Safari/537.36"
14.17.44.214 - - [04/Jul/2017:14:24:58 +0800] "GET /static/rest_framework_swagger/css/typography.css HTTP/1.1" 200 452 "http://182.92.209.117:2169/swagger/?nsukey=l2%2FUwdXRu2kuh4vq30e9EQB4cc9KdpPnIG0KS0rJCL44euw7JiFthOMNxxlCJIFnoAE9riF%2BdTE6KotoTmO%2Bm0WdrvEPZneUnQgdNjqf7v3XcQDXO%2BbADKIelmjxWQbV%2F1EE46lAvfgAfr%2BEK5PStpTrq1thgsUoUdDVF%2Fp%2BfPD17aJ7C8T0s1B%2FF4nOPD%2Fi" "Mozilla/5.0 (Windows NT 6.1; WOW64) AppleWebKit/537.36 (KHTML, like Gecko) Chrome/46.0.2490.80 Safari/537.36"
14.17.37.102 - - [04/Jul/2017:14:24:58 +0800] "GET /static/rest_framework_swagger/css/reset.css HTTP/1.1" 200 1066 "http://182.92.209.117:2169/swagger/?nsukey=l2%2FUwdXRu2kuh4vq30e9EQB4cc9KdpPnIG0KS0rJCL44euw7JiFthOMNxxlCJIFnoAE9riF%2BdTE6KotoTmO%2Bm0WdrvEPZneUnQgdNjqf7v3XcQDXO%2BbADKIelmjxWQbV%2F1EE46lAvfgAfr%2BEK5PStpTrq1thgsUoUdDVF%2Fp%2BfPD17aJ7C8T0s1B%2FF4nOPD%2Fi" "Mozilla/5.0 (Windows NT 6.1; WOW64) AppleWebKit/537.36 (KHTML, like Gecko) Chrome/46.0.2490.80 Safari/537.36"
183.61.51.196 - - [04/Jul/2017:14:24:58 +0800] "GET /static/rest_framework_swagger/lib/jquery.slideto.min.js HTTP/1.1" 200 369 "http://182.92.209.117:2169/swagger/?nsukey=l2%2FUwdXRu2kuh4vq30e9EQB4cc9KdpPnIG0KS0rJCL44euw7JiFthOMNxxlCJIFnoAE9riF%2BdTE6KotoTmO%2Bm0WdrvEPZneUnQgdNjqf7v3XcQDXO%2BbADKIelmjxWQbV%2F1EE46lAvfgAfr%2BEK5PStpTrq1thgsUoUdDVF%2Fp%2BfPD17aJ7C8T0s1B%2FF4nOPD%2Fi" "Mozilla/5.0 (Windows NT 6.1; WOW64) AppleWebKit/537.36 (KHTML, like Gecko) Chrome/46.0.2490.80 Safari/537.36"
14.17.44.215 - - [04/Jul/2017:14:24:58 +0800] "GET /static/rest_framework_swagger/lib/object-assign-pollyfill.js HTTP/1.1" 200 692 "http://182.92.209.117:2169/swagger/?nsukey=l2%2FUwdXRu2kuh4vq30e9EQB4cc9KdpPnIG0KS0rJCL44euw7JiFthOMNxxlCJIFnoAE9riF%2BdTE6KotoTmO%2Bm0WdrvEPZneUnQgdNjqf7v3XcQDXO%2BbADKIelmjxWQbV%2F1EE46lAvfgAfr%2BEK5PStpTrq1thgsUoUdDVF%2Fp%2BfPD17aJ7C8T0s1B%2FF4nOPD%2Fi" "Mozilla/5.0 (Windows NT 6.1; WOW64) AppleWebKit/537.36 (KHTML, like Gecko) Chrome/46.0.2490.80 Safari/537.36"
14.17.37.143 - - [04/Jul/2017:14:24:58 +0800] "GET /static/rest_framework_swagger/lib/jquery.wiggle.min.js HTTP/1.1" 200 762 "http://182.92.209.117:2169/swagger/?nsukey=l2%2FUwdXRu2kuh4vq30e9EQB4cc9KdpPnIG0KS0rJCL44euw7JiFthOMNxxlCJIFnoAE9riF%2BdTE6KotoTmO%2Bm0WdrvEPZneUnQgdNjqf7v3XcQDXO%2BbADKIelmjxWQbV%2F1EE46lAvfgAfr%2BEK5PStpTrq1thgsUoUdDVF%2Fp%2BfPD17aJ7C8T0s1B%2FF4nOPD%2Fi" "Mozilla/5.0 (Windows NT 6.1; WOW64) AppleWebKit/537.36 (KHTML, like Gecko) Chrome/46.0.2490.80 Safari/537.36"
183.61.52.71 - - [04/Jul/2017:14:24:58 +0800] "GET /static/rest_framework_swagger/css/screen.css HTTP/1.1" 200 48986 "http://182.92.209.117:2169/swagger/?nsukey=l2%2FUwdXRu2kuh4vq30e9EQB4cc9KdpPnIG0KS0rJCL44euw7JiFthOMNxxlCJIFnoAE9riF%2BdTE6KotoTmO%2Bm0WdrvEPZneUnQgdNjqf7v3XcQDXO%2BbADKIelmjxWQbV%2F1EE46lAvfgAfr%2BEK5PStpTrq1thgsUoUdDVF%2Fp%2BfPD17aJ7C8T0s1B%2FF4nOPD%2Fi" "Mozilla/5.0 (Windows NT 6.1; WOW64) AppleWebKit/537.36 (KHTML, like Gecko) Chrome/46.0.2490.80 Safari/537.36"
14.17.37.69 - - [04/Jul/2017:14:24:58 +0800] "GET /static/rest_framework_swagger/lib/jquery.ba-bbq.min.js HTTP/1.1" 200 4119 "http://182.92.209.117:2169/swagger/?nsukey=l2%2FUwdXRu2kuh4vq30e9EQB4cc9KdpPnIG0KS0rJCL44euw7JiFthOMNxxlCJIFnoAE9riF%2BdTE6KotoTmO%2Bm0WdrvEPZneUnQgdNjqf7v3XcQDXO%2BbADKIelmjxWQbV%2F1EE46lAvfgAfr%2BEK5PStpTrq1thgsUoUdDVF%2Fp%2BfPD17aJ7C8T0s1B%2FF4nOPD%2Fi" "Mozilla/5.0 (Windows NT 6.1; WOW64) AppleWebKit/537.36 (KHTML, like Gecko) Chrome/46.0.2490.80 Safari/537.36"
14.17.44.214 - - [04/Jul/2017:14:24:58 +0800] "GET /static/rest_framework_swagger/lib/jquery-1.8.0.min.js HTTP/1.1" 200 92555 "http://182.92.209.117:2169/swagger/?nsukey=l2%2FUwdXRu2kuh4vq30e9EQB4cc9KdpPnIG0KS0rJCL44euw7JiFthOMNxxlCJIFnoAE9riF%2BdTE6KotoTmO%2Bm0WdrvEPZneUnQgdNjqf7v3XcQDXO%2BbADKIelmjxWQbV%2F1EE46lAvfgAfr%2BEK5PStpTrq1thgsUoUdDVF%2Fp%2BfPD17aJ7C8T0s1B%2FF4nOPD%2Fi" "Mozilla/5.0 (Windows NT 6.1; WOW64) AppleWebKit/537.36 (KHTML, like Gecko) Chrome/46.0.2490.80 Safari/537.36"
183.61.51.191 - - [04/Jul/2017:14:24:58 +0800] "GET /static/rest_framework_swagger/lib/handlebars-2.0.0.js HTTP/1.1" 200 48517 "http://182.92.209.117:2169/swagger/?nsukey=l2%2FUwdXRu2kuh4vq30e9EQB4cc9KdpPnIG0KS0rJCL44euw7JiFthOMNxxlCJIFnoAE9riF%2BdTE6KotoTmO%2Bm0WdrvEPZneUnQgdNjqf7v3XcQDXO%2BbADKIelmjxWQbV%2F1EE46lAvfgAfr%2BEK5PStpTrq1thgsUoUdDVF%2Fp%2BfPD17aJ7C8T0s1B%2FF4nOPD%2Fi" "Mozilla/5.0 (Windows NT 6.1; WOW64) AppleWebKit/537.36 (KHTML, like Gecko) Chrome/46.0.2490.80 Safari/537.36"
14.17.37.143 - - [04/Jul/2017:14:24:58 +0800] "GET /static/rest_framework_swagger/lib/highlight.9.1.0.pack_extended.js HTTP/1.1" 200 1025 "http://182.92.209.117:2169/swagger/?nsukey=l2%2FUwdXRu2kuh4vq30e9EQB4cc9KdpPnIG0KS0rJCL44euw7JiFthOMNxxlCJIFnoAE9riF%2BdTE6KotoTmO%2Bm0WdrvEPZneUnQgdNjqf7v3XcQDXO%2BbADKIelmjxWQbV%2F1EE46lAvfgAfr%2BEK5PStpTrq1thgsUoUdDVF%2Fp%2BfPD17aJ7C8T0s1B%2FF4nOPD%2Fi" "Mozilla/5.0 (Windows NT 6.1; WOW64) AppleWebKit/537.36 (KHTML, like Gecko) Chrome/46.0.2490.80 Safari/537.36"
183.61.52.71 - - [04/Jul/2017:14:24:58 +0800] "GET /static/rest_framework_swagger/lib/highlight.9.1.0.pack.js HTTP/1.1" 200 11037 "http://182.92.209.117:2169/swagger/?nsukey=l2%2FUwdXRu2kuh4vq30e9EQB4cc9KdpPnIG0KS0rJCL44euw7JiFthOMNxxlCJIFnoAE9riF%2BdTE6KotoTmO%2Bm0WdrvEPZneUnQgdNjqf7v3XcQDXO%2BbADKIelmjxWQbV%2F1EE46lAvfgAfr%2BEK5PStpTrq1thgsUoUdDVF%2Fp%2BfPD17aJ7C8T0s1B%2FF4nOPD%2Fi" "Mozilla/5.0 (Windows NT 6.1; WOW64) AppleWebKit/537.36 (KHTML, like Gecko) Chrome/46.0.2490.80 Safari/537.36"
183.61.51.199 - - [04/Jul/2017:14:24:59 +0800] "GET /static/rest_framework_swagger/lib/backbone-min.js HTTP/1.1" 200 20390 "http://182.92.209.117:2169/swagger/?nsukey=l2%2FUwdXRu2kuh4vq30e9EQB4cc9KdpPnIG0KS0rJCL44euw7JiFthOMNxxlCJIFnoAE9riF%2BdTE6KotoTmO%2Bm0WdrvEPZneUnQgdNjqf7v3XcQDXO%2BbADKIelmjxWQbV%2F1EE46lAvfgAfr%2BEK5PStpTrq1thgsUoUdDVF%2Fp%2BfPD17aJ7C8T0s1B%2FF4nOPD%2Fi" "Mozilla/5.0 (Windows NT 6.1; WOW64) AppleWebKit/537.36 (KHTML, like Gecko) Chrome/46.0.2490.80 Safari/537.36"
14.17.11.196 - - [04/Jul/2017:14:24:59 +0800] "GET /static/rest_framework_swagger/lib/marked.js HTTP/1.1" 200 28156 "http://182.92.209.117:2169/swagger/?nsukey=l2%2FUwdXRu2kuh4vq30e9EQB4cc9KdpPnIG0KS0rJCL44euw7JiFthOMNxxlCJIFnoAE9riF%2BdTE6KotoTmO%2Bm0WdrvEPZneUnQgdNjqf7v3XcQDXO%2BbADKIelmjxWQbV%2F1EE46lAvfgAfr%2BEK5PStpTrq1thgsUoUdDVF%2Fp%2BfPD17aJ7C8T0s1B%2FF4nOPD%2Fi" "Mozilla/5.0 (Windows NT 6.1; WOW64) AppleWebKit/537.36 (KHTML, like Gecko) Chrome/46.0.2490.80 Safari/537.36"
183.61.51.226 - - [04/Jul/2017:14:24:59 +0800] "GET /static/rest_framework_swagger/lib/swagger-oauth.js HTTP/1.1" 200 11615 "http://182.92.209.117:2169/swagger/?nsukey=l2%2FUwdXRu2kuh4vq30e9EQB4cc9KdpPnIG0KS0rJCL44euw7JiFthOMNxxlCJIFnoAE9riF%2BdTE6KotoTmO%2Bm0WdrvEPZneUnQgdNjqf7v3XcQDXO%2BbADKIelmjxWQbV%2F1EE46lAvfgAfr%2BEK5PStpTrq1thgsUoUdDVF%2Fp%2BfPD17aJ7C8T0s1B%2FF4nOPD%2Fi" "Mozilla/5.0 (Windows NT 6.1; WOW64) AppleWebKit/537.36 (KHTML, like Gecko) Chrome/46.0.2490.80 Safari/537.36"
14.17.44.215 - - [04/Jul/2017:14:24:59 +0800] "GET /static/rest_framework_swagger/init.js HTTP/1.1" 200 1434 "http://182.92.209.117:2169/swagger/?nsukey=l2%2FUwdXRu2kuh4vq30e9EQB4cc9KdpPnIG0KS0rJCL44euw7JiFthOMNxxlCJIFnoAE9riF%2BdTE6KotoTmO%2Bm0WdrvEPZneUnQgdNjqf7v3XcQDXO%2BbADKIelmjxWQbV%2F1EE46lAvfgAfr%2BEK5PStpTrq1thgsUoUdDVF%2Fp%2BfPD17aJ7C8T0s1B%2FF4nOPD%2Fi" "Mozilla/5.0 (Windows NT 6.1; WOW64) AppleWebKit/537.36 (KHTML, like Gecko) Chrome/46.0.2490.80 Safari/537.36"
14.17.11.196 - - [04/Jul/2017:14:24:59 +0800] "GET /swagger/?nsukey=l2%2FUwdXRu2kuh4vq30e9EQB4cc9KdpPnIG0KS0rJCL44euw7JiFthOMNxxlCJIFnoAE9riF%2BdTE6KotoTmO%2Bm0WdrvEPZneUnQgdNjqf7v3XcQDXO%2BbADKIelmjxWQbV%2F1EE46lAvfgAfr%2BEK5PStpTrq1thgsUoUdDVF%2Fp%2BfPD17aJ7C8T0s1B%2FF4nOPD%2Fi HTTP/1.1" 200 1104 "-" "Mozilla/5.0 (Windows; U; Windows NT 5.1; en-US) AppleWebKit/534.13 (KHTML, like Gecko) Chrome/9.0.597.107 Safari/534.13"
183.61.51.199 - - [04/Jul/2017:14:25:00 +0800] "GET /swagger/?nsukey=l2%2FUwdXRu2kuh4vq30e9EQB4cc9KdpPnIG0KS0rJCL44euw7JiFthOMNxxlCJIFnoAE9riF%2BdTE6KotoTmO%2Bm0WdrvEPZneUnQgdNjqf7v3XcQDXO%2BbADKIelmjxWQbV%2F1EE46lAvfgAfr%2BEK5PStpTrq1thgsUoUdDVF%2Fp%2BfPD17aJ7C8T0s1B%2FF4nOPD%2Fi HTTP/1.1" 200 1105 "-" "Mozilla/5.0 (Windows NT 6.1; WOW64) AppleWebKit/537.36 (KHTML, like Gecko) Chrome/46.0.2490.80 Safari/537.36"
183.60.52.227 - - [04/Jul/2017:14:25:01 +0800] "GET /static/rest_framework_swagger/lib/js-yaml.min.js HTTP/1.1" 200 43621 "http://182.92.209.117:2169/swagger/?nsukey=l2%2FUwdXRu2kuh4vq30e9EQB4cc9KdpPnIG0KS0rJCL44euw7JiFthOMNxxlCJIFnoAE9riF%2BdTE6KotoTmO%2Bm0WdrvEPZneUnQgdNjqf7v3XcQDXO%2BbADKIelmjxWQbV%2F1EE46lAvfgAfr%2BEK5PStpTrq1thgsUoUdDVF%2Fp%2BfPD17aJ7C8T0s1B%2FF4nOPD%2Fi" "Mozilla/5.0 (Windows NT 6.1; WOW64) AppleWebKit/537.36 (KHTML, like Gecko) Chrome/46.0.2490.80 Safari/537.36"
183.61.38.55 - - [04/Jul/2017:14:25:01 +0800] "GET /static/rest_framework_swagger/lib/lodash.min.js HTTP/1.1" 200 52646 "http://182.92.209.117:2169/swagger/?nsukey=l2%2FUwdXRu2kuh4vq30e9EQB4cc9KdpPnIG0KS0rJCL44euw7JiFthOMNxxlCJIFnoAE9riF%2BdTE6KotoTmO%2Bm0WdrvEPZneUnQgdNjqf7v3XcQDXO%2BbADKIelmjxWQbV%2F1EE46lAvfgAfr%2BEK5PStpTrq1thgsUoUdDVF%2Fp%2BfPD17aJ7C8T0s1B%2FF4nOPD%2Fi" "Mozilla/5.0 (Windows NT 6.1; WOW64) AppleWebKit/537.36 (KHTML, like Gecko) Chrome/46.0.2490.80 Safari/537.36"
183.60.52.5 - - [04/Jul/2017:14:25:02 +0800] "GET /static/rest_framework_swagger/lib/lodash.min.js HTTP/1.1" 200 52646 "http://182.92.209.117:2169/swagger/?nsukey=l2%2FUwdXRu2kuh4vq30e9EQB4cc9KdpPnIG0KS0rJCL44euw7JiFthOMNxxlCJIFnoAE9riF%2BdTE6KotoTmO%2Bm0WdrvEPZneUnQgdNjqf7v3XcQDXO%2BbADKIelmjxWQbV%2F1EE46lAvfgAfr%2BEK5PStpTrq1thgsUoUdDVF%2Fp%2BfPD17aJ7C8T0s1B%2FF4nOPD%2Fi" "Mozilla/5.0 (Windows NT 6.1; WOW64) AppleWebKit/537.36 (KHTML, like Gecko) Chrome/46.0.2490.80 Safari/537.36"
14.17.44.215 - - [04/Jul/2017:14:25:02 +0800] "GET /static/rest_framework_swagger/lib/js-yaml.min.js HTTP/1.1" 200 43621 "http://182.92.209.117:2169/swagger/?nsukey=l2%2FUwdXRu2kuh4vq30e9EQB4cc9KdpPnIG0KS0rJCL44euw7JiFthOMNxxlCJIFnoAE9riF%2BdTE6KotoTmO%2Bm0WdrvEPZneUnQgdNjqf7v3XcQDXO%2BbADKIelmjxWQbV%2F1EE46lAvfgAfr%2BEK5PStpTrq1thgsUoUdDVF%2Fp%2BfPD17aJ7C8T0s1B%2FF4nOPD%2Fi" "Mozilla/5.0 (Windows NT 6.1; WOW64) AppleWebKit/537.36 (KHTML, like Gecko) Chrome/46.0.2490.80 Safari/537.36"
14.17.37.143 - - [04/Jul/2017:14:25:04 +0800] "GET /static/rest_framework_swagger/lib/jsoneditor.min.js HTTP/1.1" 200 130042 "http://182.92.209.117:2169/swagger/?nsukey=l2%2FUwdXRu2kuh4vq30e9EQB4cc9KdpPnIG0KS0rJCL44euw7JiFthOMNxxlCJIFnoAE9riF%2BdTE6KotoTmO%2Bm0WdrvEPZneUnQgdNjqf7v3XcQDXO%2BbADKIelmjxWQbV%2F1EE46lAvfgAfr%2BEK5PStpTrq1thgsUoUdDVF%2Fp%2BfPD17aJ7C8T0s1B%2FF4nOPD%2Fi" "Mozilla/5.0 (Windows NT 6.1; WOW64) AppleWebKit/537.36 (KHTML, like Gecko) Chrome/46.0.2490.80 Safari/537.36"
101.226.33.227 - - [04/Jul/2017:14:25:05 +0800] "GET /swagger HTTP/1.1" 301 5 "-" "Mozilla/5.0 (Linux; Android 6.0.1; OPPO R9s Build/MMB29M) AppleWebKit/537.36 (KHTML, like Gecko) Version/4.0 Chrome/37.0.0.0 Mobile MQQBrowser/6.9 TBS/036906 Safari/537.36 MicroMessenger/6.5.4.1000 NetType/4G Language/zh_CN"
14.17.37.102 - - [04/Jul/2017:14:25:06 +0800] "GET /static/rest_framework_swagger/swagger-ui.min.js HTTP/1.1" 200 289384 "http://182.92.209.117:2169/swagger/?nsukey=l2%2FUwdXRu2kuh4vq30e9EQB4cc9KdpPnIG0KS0rJCL44euw7JiFthOMNxxlCJIFnoAE9riF%2BdTE6KotoTmO%2Bm0WdrvEPZneUnQgdNjqf7v3XcQDXO%2BbADKIelmjxWQbV%2F1EE46lAvfgAfr%2BEK5PStpTrq1thgsUoUdDVF%2Fp%2BfPD17aJ7C8T0s1B%2FF4nOPD%2Fi" "Mozilla/5.0 (Windows NT 6.1; WOW64) AppleWebKit/537.36 (KHTML, like Gecko) Chrome/46.0.2490.80 Safari/537.36"
219.133.40.15 - - [04/Jul/2017:14:25:06 +0800] "GET /static/rest_framework_swagger/lib/jsoneditor.min.js HTTP/1.1" 200 130042 "http://182.92.209.117:2169/swagger/?nsukey=l2%2FUwdXRu2kuh4vq30e9EQB4cc9KdpPnIG0KS0rJCL44euw7JiFthOMNxxlCJIFnoAE9riF%2BdTE6KotoTmO%2Bm0WdrvEPZneUnQgdNjqf7v3XcQDXO%2BbADKIelmjxWQbV%2F1EE46lAvfgAfr%2BEK5PStpTrq1thgsUoUdDVF%2Fp%2BfPD17aJ7C8T0s1B%2FF4nOPD%2Fi" "Mozilla/5.0 (Windows NT 6.1; WOW64) AppleWebKit/537.36 (KHTML, like Gecko) Chrome/46.0.2490.80 Safari/537.36"
